[0, 9, 'layer0_conv_filt0_ch0_coeff']
[9, 9, 'layer0_conv_filt1_ch0_coeff']
[18, 9, 'layer0_conv_filt2_ch0_coeff']
[27, 9, 'layer0_conv_filt3_ch0_coeff']
[36, 9, 'layer0_conv_filt4_ch0_coeff']
[45, 9, 'layer0_conv_filt5_ch0_coeff']
[54, 9, 'layer0_conv_filt6_ch0_coeff']
[63, 9, 'layer0_conv_filt7_ch0_coeff']
[72, 9, 'layer0_conv_filt8_ch0_coeff']
[81, 9, 'layer0_conv_filt9_ch0_coeff']
[90, 9, 'layer0_conv_filt10_ch0_coeff']
[99, 9, 'layer0_conv_filt11_ch0_coeff']
[108, 9, 'layer0_conv_filt12_ch0_coeff']
[117, 9, 'layer0_conv_filt13_ch0_coeff']
[126, 9, 'layer0_conv_filt14_ch0_coeff']
[135, 9, 'layer0_conv_filt15_ch0_coeff']
[144, 9, 'layer0_conv_filt16_ch0_coeff']
[153, 9, 'layer0_conv_filt17_ch0_coeff']
[162, 9, 'layer0_conv_filt18_ch0_coeff']
[171, 9, 'layer0_conv_filt19_ch0_coeff']
[180, 9, 'layer0_conv_filt20_ch0_coeff']
[189, 9, 'layer0_conv_filt21_ch0_coeff']
[198, 9, 'layer0_conv_filt22_ch0_coeff']
[207, 9, 'layer0_conv_filt23_ch0_coeff']
[216, 9, 'layer0_conv_filt24_ch0_coeff']
[225, 9, 'layer0_conv_filt25_ch0_coeff']
[234, 9, 'layer0_conv_filt26_ch0_coeff']
[243, 9, 'layer0_conv_filt27_ch0_coeff']
[252, 9, 'layer0_conv_filt28_ch0_coeff']
[261, 9, 'layer0_conv_filt29_ch0_coeff']
[270, 9, 'layer0_conv_filt30_ch0_coeff']
[279, 9, 'layer0_conv_filt31_ch0_coeff']
[288, 1, 'layer0_conv_filt0_bias']
[289, 1, 'layer0_conv_filt1_bias']
[290, 1, 'layer0_conv_filt2_bias']
[291, 1, 'layer0_conv_filt3_bias']
[292, 1, 'layer0_conv_filt4_bias']
[293, 1, 'layer0_conv_filt5_bias']
[294, 1, 'layer0_conv_filt6_bias']
[295, 1, 'layer0_conv_filt7_bias']
[296, 1, 'layer0_conv_filt8_bias']
[297, 1, 'layer0_conv_filt9_bias']
[298, 1, 'layer0_conv_filt10_bias']
[299, 1, 'layer0_conv_filt11_bias']
[300, 1, 'layer0_conv_filt12_bias']
[301, 1, 'layer0_conv_filt13_bias']
[302, 1, 'layer0_conv_filt14_bias']
[303, 1, 'layer0_conv_filt15_bias']
[304, 1, 'layer0_conv_filt16_bias']
[305, 1, 'layer0_conv_filt17_bias']
[306, 1, 'layer0_conv_filt18_bias']
[307, 1, 'layer0_conv_filt19_bias']
[308, 1, 'layer0_conv_filt20_bias']
[309, 1, 'layer0_conv_filt21_bias']
[310, 1, 'layer0_conv_filt22_bias']
[311, 1, 'layer0_conv_filt23_bias']
[312, 1, 'layer0_conv_filt24_bias']
[313, 1, 'layer0_conv_filt25_bias']
[314, 1, 'layer0_conv_filt26_bias']
[315, 1, 'layer0_conv_filt27_bias']
[316, 1, 'layer0_conv_filt28_bias']
[317, 1, 'layer0_conv_filt29_bias']
[318, 1, 'layer0_conv_filt30_bias']
[319, 1, 'layer0_conv_filt31_bias']
[320, 9, 'layer1_conv_filt0_ch0_coeff']
[329, 9, 'layer1_conv_filt1_ch0_coeff']
[338, 9, 'layer1_conv_filt2_ch0_coeff']
[347, 9, 'layer1_conv_filt3_ch0_coeff']
[356, 9, 'layer1_conv_filt4_ch0_coeff']
[365, 9, 'layer1_conv_filt5_ch0_coeff']
[374, 9, 'layer1_conv_filt6_ch0_coeff']
[383, 9, 'layer1_conv_filt7_ch0_coeff']
[392, 9, 'layer1_conv_filt8_ch0_coeff']
[401, 9, 'layer1_conv_filt9_ch0_coeff']
[410, 9, 'layer1_conv_filt10_ch0_coeff']
[419, 9, 'layer1_conv_filt11_ch0_coeff']
[428, 9, 'layer1_conv_filt12_ch0_coeff']
[437, 9, 'layer1_conv_filt13_ch0_coeff']
[446, 9, 'layer1_conv_filt14_ch0_coeff']
[455, 9, 'layer1_conv_filt15_ch0_coeff']
[464, 9, 'layer1_conv_filt16_ch0_coeff']
[473, 9, 'layer1_conv_filt17_ch0_coeff']
[482, 9, 'layer1_conv_filt18_ch0_coeff']
[491, 9, 'layer1_conv_filt19_ch0_coeff']
[500, 9, 'layer1_conv_filt20_ch0_coeff']
[509, 9, 'layer1_conv_filt21_ch0_coeff']
[518, 9, 'layer1_conv_filt22_ch0_coeff']
[527, 9, 'layer1_conv_filt23_ch0_coeff']
[536, 9, 'layer1_conv_filt24_ch0_coeff']
[545, 9, 'layer1_conv_filt25_ch0_coeff']
[554, 9, 'layer1_conv_filt26_ch0_coeff']
[563, 9, 'layer1_conv_filt27_ch0_coeff']
[572, 9, 'layer1_conv_filt28_ch0_coeff']
[581, 9, 'layer1_conv_filt29_ch0_coeff']
[590, 9, 'layer1_conv_filt30_ch0_coeff']
[599, 9, 'layer1_conv_filt31_ch0_coeff']
[608, 9, 'layer1_conv_filt0_ch8_coeff']
[617, 9, 'layer1_conv_filt1_ch8_coeff']
[626, 9, 'layer1_conv_filt2_ch8_coeff']
[635, 9, 'layer1_conv_filt3_ch8_coeff']
[644, 9, 'layer1_conv_filt4_ch8_coeff']
[653, 9, 'layer1_conv_filt5_ch8_coeff']
[662, 9, 'layer1_conv_filt6_ch8_coeff']
[671, 9, 'layer1_conv_filt7_ch8_coeff']
[680, 9, 'layer1_conv_filt8_ch8_coeff']
[689, 9, 'layer1_conv_filt9_ch8_coeff']
[698, 9, 'layer1_conv_filt10_ch8_coeff']
[707, 9, 'layer1_conv_filt11_ch8_coeff']
[716, 9, 'layer1_conv_filt12_ch8_coeff']
[725, 9, 'layer1_conv_filt13_ch8_coeff']
[734, 9, 'layer1_conv_filt14_ch8_coeff']
[743, 9, 'layer1_conv_filt15_ch8_coeff']
[752, 9, 'layer1_conv_filt16_ch8_coeff']
[761, 9, 'layer1_conv_filt17_ch8_coeff']
[770, 9, 'layer1_conv_filt18_ch8_coeff']
[779, 9, 'layer1_conv_filt19_ch8_coeff']
[788, 9, 'layer1_conv_filt20_ch8_coeff']
[797, 9, 'layer1_conv_filt21_ch8_coeff']
[806, 9, 'layer1_conv_filt22_ch8_coeff']
[815, 9, 'layer1_conv_filt23_ch8_coeff']
[824, 9, 'layer1_conv_filt24_ch8_coeff']
[833, 9, 'layer1_conv_filt25_ch8_coeff']
[842, 9, 'layer1_conv_filt26_ch8_coeff']
[851, 9, 'layer1_conv_filt27_ch8_coeff']
[860, 9, 'layer1_conv_filt28_ch8_coeff']
[869, 9, 'layer1_conv_filt29_ch8_coeff']
[878, 9, 'layer1_conv_filt30_ch8_coeff']
[887, 9, 'layer1_conv_filt31_ch8_coeff']
[896, 9, 'layer1_conv_filt0_ch16_coeff']
[905, 9, 'layer1_conv_filt1_ch16_coeff']
[914, 9, 'layer1_conv_filt2_ch16_coeff']
[923, 9, 'layer1_conv_filt3_ch16_coeff']
[932, 9, 'layer1_conv_filt4_ch16_coeff']
[941, 9, 'layer1_conv_filt5_ch16_coeff']
[950, 9, 'layer1_conv_filt6_ch16_coeff']
[959, 9, 'layer1_conv_filt7_ch16_coeff']
[968, 9, 'layer1_conv_filt8_ch16_coeff']
[977, 9, 'layer1_conv_filt9_ch16_coeff']
[986, 9, 'layer1_conv_filt10_ch16_coeff']
[995, 9, 'layer1_conv_filt11_ch16_coeff']
[1004, 9, 'layer1_conv_filt12_ch16_coeff']
[1013, 9, 'layer1_conv_filt13_ch16_coeff']
[1022, 9, 'layer1_conv_filt14_ch16_coeff']
[1031, 9, 'layer1_conv_filt15_ch16_coeff']
[1040, 9, 'layer1_conv_filt16_ch16_coeff']
[1049, 9, 'layer1_conv_filt17_ch16_coeff']
[1058, 9, 'layer1_conv_filt18_ch16_coeff']
[1067, 9, 'layer1_conv_filt19_ch16_coeff']
[1076, 9, 'layer1_conv_filt20_ch16_coeff']
[1085, 9, 'layer1_conv_filt21_ch16_coeff']
[1094, 9, 'layer1_conv_filt22_ch16_coeff']
[1103, 9, 'layer1_conv_filt23_ch16_coeff']
[1112, 9, 'layer1_conv_filt24_ch16_coeff']
[1121, 9, 'layer1_conv_filt25_ch16_coeff']
[1130, 9, 'layer1_conv_filt26_ch16_coeff']
[1139, 9, 'layer1_conv_filt27_ch16_coeff']
[1148, 9, 'layer1_conv_filt28_ch16_coeff']
[1157, 9, 'layer1_conv_filt29_ch16_coeff']
[1166, 9, 'layer1_conv_filt30_ch16_coeff']
[1175, 9, 'layer1_conv_filt31_ch16_coeff']
[1184, 9, 'layer1_conv_filt0_ch24_coeff']
[1193, 9, 'layer1_conv_filt1_ch24_coeff']
[1202, 9, 'layer1_conv_filt2_ch24_coeff']
[1211, 9, 'layer1_conv_filt3_ch24_coeff']
[1220, 9, 'layer1_conv_filt4_ch24_coeff']
[1229, 9, 'layer1_conv_filt5_ch24_coeff']
[1238, 9, 'layer1_conv_filt6_ch24_coeff']
[1247, 9, 'layer1_conv_filt7_ch24_coeff']
[1256, 9, 'layer1_conv_filt8_ch24_coeff']
[1265, 9, 'layer1_conv_filt9_ch24_coeff']
[1274, 9, 'layer1_conv_filt10_ch24_coeff']
[1283, 9, 'layer1_conv_filt11_ch24_coeff']
[1292, 9, 'layer1_conv_filt12_ch24_coeff']
[1301, 9, 'layer1_conv_filt13_ch24_coeff']
[1310, 9, 'layer1_conv_filt14_ch24_coeff']
[1319, 9, 'layer1_conv_filt15_ch24_coeff']
[1328, 9, 'layer1_conv_filt16_ch24_coeff']
[1337, 9, 'layer1_conv_filt17_ch24_coeff']
[1346, 9, 'layer1_conv_filt18_ch24_coeff']
[1355, 9, 'layer1_conv_filt19_ch24_coeff']
[1364, 9, 'layer1_conv_filt20_ch24_coeff']
[1373, 9, 'layer1_conv_filt21_ch24_coeff']
[1382, 9, 'layer1_conv_filt22_ch24_coeff']
[1391, 9, 'layer1_conv_filt23_ch24_coeff']
[1400, 9, 'layer1_conv_filt24_ch24_coeff']
[1409, 9, 'layer1_conv_filt25_ch24_coeff']
[1418, 9, 'layer1_conv_filt26_ch24_coeff']
[1427, 9, 'layer1_conv_filt27_ch24_coeff']
[1436, 9, 'layer1_conv_filt28_ch24_coeff']
[1445, 9, 'layer1_conv_filt29_ch24_coeff']
[1454, 9, 'layer1_conv_filt30_ch24_coeff']
[1463, 9, 'layer1_conv_filt31_ch24_coeff']
[1472, 9, 'layer1_conv_filt0_ch1_coeff']
[1481, 9, 'layer1_conv_filt1_ch1_coeff']
[1490, 9, 'layer1_conv_filt2_ch1_coeff']
[1499, 9, 'layer1_conv_filt3_ch1_coeff']
[1508, 9, 'layer1_conv_filt4_ch1_coeff']
[1517, 9, 'layer1_conv_filt5_ch1_coeff']
[1526, 9, 'layer1_conv_filt6_ch1_coeff']
[1535, 9, 'layer1_conv_filt7_ch1_coeff']
[1544, 9, 'layer1_conv_filt8_ch1_coeff']
[1553, 9, 'layer1_conv_filt9_ch1_coeff']
[1562, 9, 'layer1_conv_filt10_ch1_coeff']
[1571, 9, 'layer1_conv_filt11_ch1_coeff']
[1580, 9, 'layer1_conv_filt12_ch1_coeff']
[1589, 9, 'layer1_conv_filt13_ch1_coeff']
[1598, 9, 'layer1_conv_filt14_ch1_coeff']
[1607, 9, 'layer1_conv_filt15_ch1_coeff']
[1616, 9, 'layer1_conv_filt16_ch1_coeff']
[1625, 9, 'layer1_conv_filt17_ch1_coeff']
[1634, 9, 'layer1_conv_filt18_ch1_coeff']
[1643, 9, 'layer1_conv_filt19_ch1_coeff']
[1652, 9, 'layer1_conv_filt20_ch1_coeff']
[1661, 9, 'layer1_conv_filt21_ch1_coeff']
[1670, 9, 'layer1_conv_filt22_ch1_coeff']
[1679, 9, 'layer1_conv_filt23_ch1_coeff']
[1688, 9, 'layer1_conv_filt24_ch1_coeff']
[1697, 9, 'layer1_conv_filt25_ch1_coeff']
[1706, 9, 'layer1_conv_filt26_ch1_coeff']
[1715, 9, 'layer1_conv_filt27_ch1_coeff']
[1724, 9, 'layer1_conv_filt28_ch1_coeff']
[1733, 9, 'layer1_conv_filt29_ch1_coeff']
[1742, 9, 'layer1_conv_filt30_ch1_coeff']
[1751, 9, 'layer1_conv_filt31_ch1_coeff']
[1760, 9, 'layer1_conv_filt0_ch9_coeff']
[1769, 9, 'layer1_conv_filt1_ch9_coeff']
[1778, 9, 'layer1_conv_filt2_ch9_coeff']
[1787, 9, 'layer1_conv_filt3_ch9_coeff']
[1796, 9, 'layer1_conv_filt4_ch9_coeff']
[1805, 9, 'layer1_conv_filt5_ch9_coeff']
[1814, 9, 'layer1_conv_filt6_ch9_coeff']
[1823, 9, 'layer1_conv_filt7_ch9_coeff']
[1832, 9, 'layer1_conv_filt8_ch9_coeff']
[1841, 9, 'layer1_conv_filt9_ch9_coeff']
[1850, 9, 'layer1_conv_filt10_ch9_coeff']
[1859, 9, 'layer1_conv_filt11_ch9_coeff']
[1868, 9, 'layer1_conv_filt12_ch9_coeff']
[1877, 9, 'layer1_conv_filt13_ch9_coeff']
[1886, 9, 'layer1_conv_filt14_ch9_coeff']
[1895, 9, 'layer1_conv_filt15_ch9_coeff']
[1904, 9, 'layer1_conv_filt16_ch9_coeff']
[1913, 9, 'layer1_conv_filt17_ch9_coeff']
[1922, 9, 'layer1_conv_filt18_ch9_coeff']
[1931, 9, 'layer1_conv_filt19_ch9_coeff']
[1940, 9, 'layer1_conv_filt20_ch9_coeff']
[1949, 9, 'layer1_conv_filt21_ch9_coeff']
[1958, 9, 'layer1_conv_filt22_ch9_coeff']
[1967, 9, 'layer1_conv_filt23_ch9_coeff']
[1976, 9, 'layer1_conv_filt24_ch9_coeff']
[1985, 9, 'layer1_conv_filt25_ch9_coeff']
[1994, 9, 'layer1_conv_filt26_ch9_coeff']
[2003, 9, 'layer1_conv_filt27_ch9_coeff']
[2012, 9, 'layer1_conv_filt28_ch9_coeff']
[2021, 9, 'layer1_conv_filt29_ch9_coeff']
[2030, 9, 'layer1_conv_filt30_ch9_coeff']
[2039, 9, 'layer1_conv_filt31_ch9_coeff']
[2048, 9, 'layer1_conv_filt0_ch17_coeff']
[2057, 9, 'layer1_conv_filt1_ch17_coeff']
[2066, 9, 'layer1_conv_filt2_ch17_coeff']
[2075, 9, 'layer1_conv_filt3_ch17_coeff']
[2084, 9, 'layer1_conv_filt4_ch17_coeff']
[2093, 9, 'layer1_conv_filt5_ch17_coeff']
[2102, 9, 'layer1_conv_filt6_ch17_coeff']
[2111, 9, 'layer1_conv_filt7_ch17_coeff']
[2120, 9, 'layer1_conv_filt8_ch17_coeff']
[2129, 9, 'layer1_conv_filt9_ch17_coeff']
[2138, 9, 'layer1_conv_filt10_ch17_coeff']
[2147, 9, 'layer1_conv_filt11_ch17_coeff']
[2156, 9, 'layer1_conv_filt12_ch17_coeff']
[2165, 9, 'layer1_conv_filt13_ch17_coeff']
[2174, 9, 'layer1_conv_filt14_ch17_coeff']
[2183, 9, 'layer1_conv_filt15_ch17_coeff']
[2192, 9, 'layer1_conv_filt16_ch17_coeff']
[2201, 9, 'layer1_conv_filt17_ch17_coeff']
[2210, 9, 'layer1_conv_filt18_ch17_coeff']
[2219, 9, 'layer1_conv_filt19_ch17_coeff']
[2228, 9, 'layer1_conv_filt20_ch17_coeff']
[2237, 9, 'layer1_conv_filt21_ch17_coeff']
[2246, 9, 'layer1_conv_filt22_ch17_coeff']
[2255, 9, 'layer1_conv_filt23_ch17_coeff']
[2264, 9, 'layer1_conv_filt24_ch17_coeff']
[2273, 9, 'layer1_conv_filt25_ch17_coeff']
[2282, 9, 'layer1_conv_filt26_ch17_coeff']
[2291, 9, 'layer1_conv_filt27_ch17_coeff']
[2300, 9, 'layer1_conv_filt28_ch17_coeff']
[2309, 9, 'layer1_conv_filt29_ch17_coeff']
[2318, 9, 'layer1_conv_filt30_ch17_coeff']
[2327, 9, 'layer1_conv_filt31_ch17_coeff']
[2336, 9, 'layer1_conv_filt0_ch25_coeff']
[2345, 9, 'layer1_conv_filt1_ch25_coeff']
[2354, 9, 'layer1_conv_filt2_ch25_coeff']
[2363, 9, 'layer1_conv_filt3_ch25_coeff']
[2372, 9, 'layer1_conv_filt4_ch25_coeff']
[2381, 9, 'layer1_conv_filt5_ch25_coeff']
[2390, 9, 'layer1_conv_filt6_ch25_coeff']
[2399, 9, 'layer1_conv_filt7_ch25_coeff']
[2408, 9, 'layer1_conv_filt8_ch25_coeff']
[2417, 9, 'layer1_conv_filt9_ch25_coeff']
[2426, 9, 'layer1_conv_filt10_ch25_coeff']
[2435, 9, 'layer1_conv_filt11_ch25_coeff']
[2444, 9, 'layer1_conv_filt12_ch25_coeff']
[2453, 9, 'layer1_conv_filt13_ch25_coeff']
[2462, 9, 'layer1_conv_filt14_ch25_coeff']
[2471, 9, 'layer1_conv_filt15_ch25_coeff']
[2480, 9, 'layer1_conv_filt16_ch25_coeff']
[2489, 9, 'layer1_conv_filt17_ch25_coeff']
[2498, 9, 'layer1_conv_filt18_ch25_coeff']
[2507, 9, 'layer1_conv_filt19_ch25_coeff']
[2516, 9, 'layer1_conv_filt20_ch25_coeff']
[2525, 9, 'layer1_conv_filt21_ch25_coeff']
[2534, 9, 'layer1_conv_filt22_ch25_coeff']
[2543, 9, 'layer1_conv_filt23_ch25_coeff']
[2552, 9, 'layer1_conv_filt24_ch25_coeff']
[2561, 9, 'layer1_conv_filt25_ch25_coeff']
[2570, 9, 'layer1_conv_filt26_ch25_coeff']
[2579, 9, 'layer1_conv_filt27_ch25_coeff']
[2588, 9, 'layer1_conv_filt28_ch25_coeff']
[2597, 9, 'layer1_conv_filt29_ch25_coeff']
[2606, 9, 'layer1_conv_filt30_ch25_coeff']
[2615, 9, 'layer1_conv_filt31_ch25_coeff']
[2624, 9, 'layer1_conv_filt0_ch2_coeff']
[2633, 9, 'layer1_conv_filt1_ch2_coeff']
[2642, 9, 'layer1_conv_filt2_ch2_coeff']
[2651, 9, 'layer1_conv_filt3_ch2_coeff']
[2660, 9, 'layer1_conv_filt4_ch2_coeff']
[2669, 9, 'layer1_conv_filt5_ch2_coeff']
[2678, 9, 'layer1_conv_filt6_ch2_coeff']
[2687, 9, 'layer1_conv_filt7_ch2_coeff']
[2696, 9, 'layer1_conv_filt8_ch2_coeff']
[2705, 9, 'layer1_conv_filt9_ch2_coeff']
[2714, 9, 'layer1_conv_filt10_ch2_coeff']
[2723, 9, 'layer1_conv_filt11_ch2_coeff']
[2732, 9, 'layer1_conv_filt12_ch2_coeff']
[2741, 9, 'layer1_conv_filt13_ch2_coeff']
[2750, 9, 'layer1_conv_filt14_ch2_coeff']
[2759, 9, 'layer1_conv_filt15_ch2_coeff']
[2768, 9, 'layer1_conv_filt16_ch2_coeff']
[2777, 9, 'layer1_conv_filt17_ch2_coeff']
[2786, 9, 'layer1_conv_filt18_ch2_coeff']
[2795, 9, 'layer1_conv_filt19_ch2_coeff']
[2804, 9, 'layer1_conv_filt20_ch2_coeff']
[2813, 9, 'layer1_conv_filt21_ch2_coeff']
[2822, 9, 'layer1_conv_filt22_ch2_coeff']
[2831, 9, 'layer1_conv_filt23_ch2_coeff']
[2840, 9, 'layer1_conv_filt24_ch2_coeff']
[2849, 9, 'layer1_conv_filt25_ch2_coeff']
[2858, 9, 'layer1_conv_filt26_ch2_coeff']
[2867, 9, 'layer1_conv_filt27_ch2_coeff']
[2876, 9, 'layer1_conv_filt28_ch2_coeff']
[2885, 9, 'layer1_conv_filt29_ch2_coeff']
[2894, 9, 'layer1_conv_filt30_ch2_coeff']
[2903, 9, 'layer1_conv_filt31_ch2_coeff']
[2912, 9, 'layer1_conv_filt0_ch10_coeff']
[2921, 9, 'layer1_conv_filt1_ch10_coeff']
[2930, 9, 'layer1_conv_filt2_ch10_coeff']
[2939, 9, 'layer1_conv_filt3_ch10_coeff']
[2948, 9, 'layer1_conv_filt4_ch10_coeff']
[2957, 9, 'layer1_conv_filt5_ch10_coeff']
[2966, 9, 'layer1_conv_filt6_ch10_coeff']
[2975, 9, 'layer1_conv_filt7_ch10_coeff']
[2984, 9, 'layer1_conv_filt8_ch10_coeff']
[2993, 9, 'layer1_conv_filt9_ch10_coeff']
[3002, 9, 'layer1_conv_filt10_ch10_coeff']
[3011, 9, 'layer1_conv_filt11_ch10_coeff']
[3020, 9, 'layer1_conv_filt12_ch10_coeff']
[3029, 9, 'layer1_conv_filt13_ch10_coeff']
[3038, 9, 'layer1_conv_filt14_ch10_coeff']
[3047, 9, 'layer1_conv_filt15_ch10_coeff']
[3056, 9, 'layer1_conv_filt16_ch10_coeff']
[3065, 9, 'layer1_conv_filt17_ch10_coeff']
[3074, 9, 'layer1_conv_filt18_ch10_coeff']
[3083, 9, 'layer1_conv_filt19_ch10_coeff']
[3092, 9, 'layer1_conv_filt20_ch10_coeff']
[3101, 9, 'layer1_conv_filt21_ch10_coeff']
[3110, 9, 'layer1_conv_filt22_ch10_coeff']
[3119, 9, 'layer1_conv_filt23_ch10_coeff']
[3128, 9, 'layer1_conv_filt24_ch10_coeff']
[3137, 9, 'layer1_conv_filt25_ch10_coeff']
[3146, 9, 'layer1_conv_filt26_ch10_coeff']
[3155, 9, 'layer1_conv_filt27_ch10_coeff']
[3164, 9, 'layer1_conv_filt28_ch10_coeff']
[3173, 9, 'layer1_conv_filt29_ch10_coeff']
[3182, 9, 'layer1_conv_filt30_ch10_coeff']
[3191, 9, 'layer1_conv_filt31_ch10_coeff']
[3200, 9, 'layer1_conv_filt0_ch18_coeff']
[3209, 9, 'layer1_conv_filt1_ch18_coeff']
[3218, 9, 'layer1_conv_filt2_ch18_coeff']
[3227, 9, 'layer1_conv_filt3_ch18_coeff']
[3236, 9, 'layer1_conv_filt4_ch18_coeff']
[3245, 9, 'layer1_conv_filt5_ch18_coeff']
[3254, 9, 'layer1_conv_filt6_ch18_coeff']
[3263, 9, 'layer1_conv_filt7_ch18_coeff']
[3272, 9, 'layer1_conv_filt8_ch18_coeff']
[3281, 9, 'layer1_conv_filt9_ch18_coeff']
[3290, 9, 'layer1_conv_filt10_ch18_coeff']
[3299, 9, 'layer1_conv_filt11_ch18_coeff']
[3308, 9, 'layer1_conv_filt12_ch18_coeff']
[3317, 9, 'layer1_conv_filt13_ch18_coeff']
[3326, 9, 'layer1_conv_filt14_ch18_coeff']
[3335, 9, 'layer1_conv_filt15_ch18_coeff']
[3344, 9, 'layer1_conv_filt16_ch18_coeff']
[3353, 9, 'layer1_conv_filt17_ch18_coeff']
[3362, 9, 'layer1_conv_filt18_ch18_coeff']
[3371, 9, 'layer1_conv_filt19_ch18_coeff']
[3380, 9, 'layer1_conv_filt20_ch18_coeff']
[3389, 9, 'layer1_conv_filt21_ch18_coeff']
[3398, 9, 'layer1_conv_filt22_ch18_coeff']
[3407, 9, 'layer1_conv_filt23_ch18_coeff']
[3416, 9, 'layer1_conv_filt24_ch18_coeff']
[3425, 9, 'layer1_conv_filt25_ch18_coeff']
[3434, 9, 'layer1_conv_filt26_ch18_coeff']
[3443, 9, 'layer1_conv_filt27_ch18_coeff']
[3452, 9, 'layer1_conv_filt28_ch18_coeff']
[3461, 9, 'layer1_conv_filt29_ch18_coeff']
[3470, 9, 'layer1_conv_filt30_ch18_coeff']
[3479, 9, 'layer1_conv_filt31_ch18_coeff']
[3488, 9, 'layer1_conv_filt0_ch26_coeff']
[3497, 9, 'layer1_conv_filt1_ch26_coeff']
[3506, 9, 'layer1_conv_filt2_ch26_coeff']
[3515, 9, 'layer1_conv_filt3_ch26_coeff']
[3524, 9, 'layer1_conv_filt4_ch26_coeff']
[3533, 9, 'layer1_conv_filt5_ch26_coeff']
[3542, 9, 'layer1_conv_filt6_ch26_coeff']
[3551, 9, 'layer1_conv_filt7_ch26_coeff']
[3560, 9, 'layer1_conv_filt8_ch26_coeff']
[3569, 9, 'layer1_conv_filt9_ch26_coeff']
[3578, 9, 'layer1_conv_filt10_ch26_coeff']
[3587, 9, 'layer1_conv_filt11_ch26_coeff']
[3596, 9, 'layer1_conv_filt12_ch26_coeff']
[3605, 9, 'layer1_conv_filt13_ch26_coeff']
[3614, 9, 'layer1_conv_filt14_ch26_coeff']
[3623, 9, 'layer1_conv_filt15_ch26_coeff']
[3632, 9, 'layer1_conv_filt16_ch26_coeff']
[3641, 9, 'layer1_conv_filt17_ch26_coeff']
[3650, 9, 'layer1_conv_filt18_ch26_coeff']
[3659, 9, 'layer1_conv_filt19_ch26_coeff']
[3668, 9, 'layer1_conv_filt20_ch26_coeff']
[3677, 9, 'layer1_conv_filt21_ch26_coeff']
[3686, 9, 'layer1_conv_filt22_ch26_coeff']
[3695, 9, 'layer1_conv_filt23_ch26_coeff']
[3704, 9, 'layer1_conv_filt24_ch26_coeff']
[3713, 9, 'layer1_conv_filt25_ch26_coeff']
[3722, 9, 'layer1_conv_filt26_ch26_coeff']
[3731, 9, 'layer1_conv_filt27_ch26_coeff']
[3740, 9, 'layer1_conv_filt28_ch26_coeff']
[3749, 9, 'layer1_conv_filt29_ch26_coeff']
[3758, 9, 'layer1_conv_filt30_ch26_coeff']
[3767, 9, 'layer1_conv_filt31_ch26_coeff']
[3776, 9, 'layer1_conv_filt0_ch3_coeff']
[3785, 9, 'layer1_conv_filt1_ch3_coeff']
[3794, 9, 'layer1_conv_filt2_ch3_coeff']
[3803, 9, 'layer1_conv_filt3_ch3_coeff']
[3812, 9, 'layer1_conv_filt4_ch3_coeff']
[3821, 9, 'layer1_conv_filt5_ch3_coeff']
[3830, 9, 'layer1_conv_filt6_ch3_coeff']
[3839, 9, 'layer1_conv_filt7_ch3_coeff']
[3848, 9, 'layer1_conv_filt8_ch3_coeff']
[3857, 9, 'layer1_conv_filt9_ch3_coeff']
[3866, 9, 'layer1_conv_filt10_ch3_coeff']
[3875, 9, 'layer1_conv_filt11_ch3_coeff']
[3884, 9, 'layer1_conv_filt12_ch3_coeff']
[3893, 9, 'layer1_conv_filt13_ch3_coeff']
[3902, 9, 'layer1_conv_filt14_ch3_coeff']
[3911, 9, 'layer1_conv_filt15_ch3_coeff']
[3920, 9, 'layer1_conv_filt16_ch3_coeff']
[3929, 9, 'layer1_conv_filt17_ch3_coeff']
[3938, 9, 'layer1_conv_filt18_ch3_coeff']
[3947, 9, 'layer1_conv_filt19_ch3_coeff']
[3956, 9, 'layer1_conv_filt20_ch3_coeff']
[3965, 9, 'layer1_conv_filt21_ch3_coeff']
[3974, 9, 'layer1_conv_filt22_ch3_coeff']
[3983, 9, 'layer1_conv_filt23_ch3_coeff']
[3992, 9, 'layer1_conv_filt24_ch3_coeff']
[4001, 9, 'layer1_conv_filt25_ch3_coeff']
[4010, 9, 'layer1_conv_filt26_ch3_coeff']
[4019, 9, 'layer1_conv_filt27_ch3_coeff']
[4028, 9, 'layer1_conv_filt28_ch3_coeff']
[4037, 9, 'layer1_conv_filt29_ch3_coeff']
[4046, 9, 'layer1_conv_filt30_ch3_coeff']
[4055, 9, 'layer1_conv_filt31_ch3_coeff']
[4064, 9, 'layer1_conv_filt0_ch11_coeff']
[4073, 9, 'layer1_conv_filt1_ch11_coeff']
[4082, 9, 'layer1_conv_filt2_ch11_coeff']
[4091, 9, 'layer1_conv_filt3_ch11_coeff']
[4100, 9, 'layer1_conv_filt4_ch11_coeff']
[4109, 9, 'layer1_conv_filt5_ch11_coeff']
[4118, 9, 'layer1_conv_filt6_ch11_coeff']
[4127, 9, 'layer1_conv_filt7_ch11_coeff']
[4136, 9, 'layer1_conv_filt8_ch11_coeff']
[4145, 9, 'layer1_conv_filt9_ch11_coeff']
[4154, 9, 'layer1_conv_filt10_ch11_coeff']
[4163, 9, 'layer1_conv_filt11_ch11_coeff']
[4172, 9, 'layer1_conv_filt12_ch11_coeff']
[4181, 9, 'layer1_conv_filt13_ch11_coeff']
[4190, 9, 'layer1_conv_filt14_ch11_coeff']
[4199, 9, 'layer1_conv_filt15_ch11_coeff']
[4208, 9, 'layer1_conv_filt16_ch11_coeff']
[4217, 9, 'layer1_conv_filt17_ch11_coeff']
[4226, 9, 'layer1_conv_filt18_ch11_coeff']
[4235, 9, 'layer1_conv_filt19_ch11_coeff']
[4244, 9, 'layer1_conv_filt20_ch11_coeff']
[4253, 9, 'layer1_conv_filt21_ch11_coeff']
[4262, 9, 'layer1_conv_filt22_ch11_coeff']
[4271, 9, 'layer1_conv_filt23_ch11_coeff']
[4280, 9, 'layer1_conv_filt24_ch11_coeff']
[4289, 9, 'layer1_conv_filt25_ch11_coeff']
[4298, 9, 'layer1_conv_filt26_ch11_coeff']
[4307, 9, 'layer1_conv_filt27_ch11_coeff']
[4316, 9, 'layer1_conv_filt28_ch11_coeff']
[4325, 9, 'layer1_conv_filt29_ch11_coeff']
[4334, 9, 'layer1_conv_filt30_ch11_coeff']
[4343, 9, 'layer1_conv_filt31_ch11_coeff']
[4352, 9, 'layer1_conv_filt0_ch19_coeff']
[4361, 9, 'layer1_conv_filt1_ch19_coeff']
[4370, 9, 'layer1_conv_filt2_ch19_coeff']
[4379, 9, 'layer1_conv_filt3_ch19_coeff']
[4388, 9, 'layer1_conv_filt4_ch19_coeff']
[4397, 9, 'layer1_conv_filt5_ch19_coeff']
[4406, 9, 'layer1_conv_filt6_ch19_coeff']
[4415, 9, 'layer1_conv_filt7_ch19_coeff']
[4424, 9, 'layer1_conv_filt8_ch19_coeff']
[4433, 9, 'layer1_conv_filt9_ch19_coeff']
[4442, 9, 'layer1_conv_filt10_ch19_coeff']
[4451, 9, 'layer1_conv_filt11_ch19_coeff']
[4460, 9, 'layer1_conv_filt12_ch19_coeff']
[4469, 9, 'layer1_conv_filt13_ch19_coeff']
[4478, 9, 'layer1_conv_filt14_ch19_coeff']
[4487, 9, 'layer1_conv_filt15_ch19_coeff']
[4496, 9, 'layer1_conv_filt16_ch19_coeff']
[4505, 9, 'layer1_conv_filt17_ch19_coeff']
[4514, 9, 'layer1_conv_filt18_ch19_coeff']
[4523, 9, 'layer1_conv_filt19_ch19_coeff']
[4532, 9, 'layer1_conv_filt20_ch19_coeff']
[4541, 9, 'layer1_conv_filt21_ch19_coeff']
[4550, 9, 'layer1_conv_filt22_ch19_coeff']
[4559, 9, 'layer1_conv_filt23_ch19_coeff']
[4568, 9, 'layer1_conv_filt24_ch19_coeff']
[4577, 9, 'layer1_conv_filt25_ch19_coeff']
[4586, 9, 'layer1_conv_filt26_ch19_coeff']
[4595, 9, 'layer1_conv_filt27_ch19_coeff']
[4604, 9, 'layer1_conv_filt28_ch19_coeff']
[4613, 9, 'layer1_conv_filt29_ch19_coeff']
[4622, 9, 'layer1_conv_filt30_ch19_coeff']
[4631, 9, 'layer1_conv_filt31_ch19_coeff']
[4640, 9, 'layer1_conv_filt0_ch27_coeff']
[4649, 9, 'layer1_conv_filt1_ch27_coeff']
[4658, 9, 'layer1_conv_filt2_ch27_coeff']
[4667, 9, 'layer1_conv_filt3_ch27_coeff']
[4676, 9, 'layer1_conv_filt4_ch27_coeff']
[4685, 9, 'layer1_conv_filt5_ch27_coeff']
[4694, 9, 'layer1_conv_filt6_ch27_coeff']
[4703, 9, 'layer1_conv_filt7_ch27_coeff']
[4712, 9, 'layer1_conv_filt8_ch27_coeff']
[4721, 9, 'layer1_conv_filt9_ch27_coeff']
[4730, 9, 'layer1_conv_filt10_ch27_coeff']
[4739, 9, 'layer1_conv_filt11_ch27_coeff']
[4748, 9, 'layer1_conv_filt12_ch27_coeff']
[4757, 9, 'layer1_conv_filt13_ch27_coeff']
[4766, 9, 'layer1_conv_filt14_ch27_coeff']
[4775, 9, 'layer1_conv_filt15_ch27_coeff']
[4784, 9, 'layer1_conv_filt16_ch27_coeff']
[4793, 9, 'layer1_conv_filt17_ch27_coeff']
[4802, 9, 'layer1_conv_filt18_ch27_coeff']
[4811, 9, 'layer1_conv_filt19_ch27_coeff']
[4820, 9, 'layer1_conv_filt20_ch27_coeff']
[4829, 9, 'layer1_conv_filt21_ch27_coeff']
[4838, 9, 'layer1_conv_filt22_ch27_coeff']
[4847, 9, 'layer1_conv_filt23_ch27_coeff']
[4856, 9, 'layer1_conv_filt24_ch27_coeff']
[4865, 9, 'layer1_conv_filt25_ch27_coeff']
[4874, 9, 'layer1_conv_filt26_ch27_coeff']
[4883, 9, 'layer1_conv_filt27_ch27_coeff']
[4892, 9, 'layer1_conv_filt28_ch27_coeff']
[4901, 9, 'layer1_conv_filt29_ch27_coeff']
[4910, 9, 'layer1_conv_filt30_ch27_coeff']
[4919, 9, 'layer1_conv_filt31_ch27_coeff']
[4928, 9, 'layer1_conv_filt0_ch4_coeff']
[4937, 9, 'layer1_conv_filt1_ch4_coeff']
[4946, 9, 'layer1_conv_filt2_ch4_coeff']
[4955, 9, 'layer1_conv_filt3_ch4_coeff']
[4964, 9, 'layer1_conv_filt4_ch4_coeff']
[4973, 9, 'layer1_conv_filt5_ch4_coeff']
[4982, 9, 'layer1_conv_filt6_ch4_coeff']
[4991, 9, 'layer1_conv_filt7_ch4_coeff']
[5000, 9, 'layer1_conv_filt8_ch4_coeff']
[5009, 9, 'layer1_conv_filt9_ch4_coeff']
[5018, 9, 'layer1_conv_filt10_ch4_coeff']
[5027, 9, 'layer1_conv_filt11_ch4_coeff']
[5036, 9, 'layer1_conv_filt12_ch4_coeff']
[5045, 9, 'layer1_conv_filt13_ch4_coeff']
[5054, 9, 'layer1_conv_filt14_ch4_coeff']
[5063, 9, 'layer1_conv_filt15_ch4_coeff']
[5072, 9, 'layer1_conv_filt16_ch4_coeff']
[5081, 9, 'layer1_conv_filt17_ch4_coeff']
[5090, 9, 'layer1_conv_filt18_ch4_coeff']
[5099, 9, 'layer1_conv_filt19_ch4_coeff']
[5108, 9, 'layer1_conv_filt20_ch4_coeff']
[5117, 9, 'layer1_conv_filt21_ch4_coeff']
[5126, 9, 'layer1_conv_filt22_ch4_coeff']
[5135, 9, 'layer1_conv_filt23_ch4_coeff']
[5144, 9, 'layer1_conv_filt24_ch4_coeff']
[5153, 9, 'layer1_conv_filt25_ch4_coeff']
[5162, 9, 'layer1_conv_filt26_ch4_coeff']
[5171, 9, 'layer1_conv_filt27_ch4_coeff']
[5180, 9, 'layer1_conv_filt28_ch4_coeff']
[5189, 9, 'layer1_conv_filt29_ch4_coeff']
[5198, 9, 'layer1_conv_filt30_ch4_coeff']
[5207, 9, 'layer1_conv_filt31_ch4_coeff']
[5216, 9, 'layer1_conv_filt0_ch12_coeff']
[5225, 9, 'layer1_conv_filt1_ch12_coeff']
[5234, 9, 'layer1_conv_filt2_ch12_coeff']
[5243, 9, 'layer1_conv_filt3_ch12_coeff']
[5252, 9, 'layer1_conv_filt4_ch12_coeff']
[5261, 9, 'layer1_conv_filt5_ch12_coeff']
[5270, 9, 'layer1_conv_filt6_ch12_coeff']
[5279, 9, 'layer1_conv_filt7_ch12_coeff']
[5288, 9, 'layer1_conv_filt8_ch12_coeff']
[5297, 9, 'layer1_conv_filt9_ch12_coeff']
[5306, 9, 'layer1_conv_filt10_ch12_coeff']
[5315, 9, 'layer1_conv_filt11_ch12_coeff']
[5324, 9, 'layer1_conv_filt12_ch12_coeff']
[5333, 9, 'layer1_conv_filt13_ch12_coeff']
[5342, 9, 'layer1_conv_filt14_ch12_coeff']
[5351, 9, 'layer1_conv_filt15_ch12_coeff']
[5360, 9, 'layer1_conv_filt16_ch12_coeff']
[5369, 9, 'layer1_conv_filt17_ch12_coeff']
[5378, 9, 'layer1_conv_filt18_ch12_coeff']
[5387, 9, 'layer1_conv_filt19_ch12_coeff']
[5396, 9, 'layer1_conv_filt20_ch12_coeff']
[5405, 9, 'layer1_conv_filt21_ch12_coeff']
[5414, 9, 'layer1_conv_filt22_ch12_coeff']
[5423, 9, 'layer1_conv_filt23_ch12_coeff']
[5432, 9, 'layer1_conv_filt24_ch12_coeff']
[5441, 9, 'layer1_conv_filt25_ch12_coeff']
[5450, 9, 'layer1_conv_filt26_ch12_coeff']
[5459, 9, 'layer1_conv_filt27_ch12_coeff']
[5468, 9, 'layer1_conv_filt28_ch12_coeff']
[5477, 9, 'layer1_conv_filt29_ch12_coeff']
[5486, 9, 'layer1_conv_filt30_ch12_coeff']
[5495, 9, 'layer1_conv_filt31_ch12_coeff']
[5504, 9, 'layer1_conv_filt0_ch20_coeff']
[5513, 9, 'layer1_conv_filt1_ch20_coeff']
[5522, 9, 'layer1_conv_filt2_ch20_coeff']
[5531, 9, 'layer1_conv_filt3_ch20_coeff']
[5540, 9, 'layer1_conv_filt4_ch20_coeff']
[5549, 9, 'layer1_conv_filt5_ch20_coeff']
[5558, 9, 'layer1_conv_filt6_ch20_coeff']
[5567, 9, 'layer1_conv_filt7_ch20_coeff']
[5576, 9, 'layer1_conv_filt8_ch20_coeff']
[5585, 9, 'layer1_conv_filt9_ch20_coeff']
[5594, 9, 'layer1_conv_filt10_ch20_coeff']
[5603, 9, 'layer1_conv_filt11_ch20_coeff']
[5612, 9, 'layer1_conv_filt12_ch20_coeff']
[5621, 9, 'layer1_conv_filt13_ch20_coeff']
[5630, 9, 'layer1_conv_filt14_ch20_coeff']
[5639, 9, 'layer1_conv_filt15_ch20_coeff']
[5648, 9, 'layer1_conv_filt16_ch20_coeff']
[5657, 9, 'layer1_conv_filt17_ch20_coeff']
[5666, 9, 'layer1_conv_filt18_ch20_coeff']
[5675, 9, 'layer1_conv_filt19_ch20_coeff']
[5684, 9, 'layer1_conv_filt20_ch20_coeff']
[5693, 9, 'layer1_conv_filt21_ch20_coeff']
[5702, 9, 'layer1_conv_filt22_ch20_coeff']
[5711, 9, 'layer1_conv_filt23_ch20_coeff']
[5720, 9, 'layer1_conv_filt24_ch20_coeff']
[5729, 9, 'layer1_conv_filt25_ch20_coeff']
[5738, 9, 'layer1_conv_filt26_ch20_coeff']
[5747, 9, 'layer1_conv_filt27_ch20_coeff']
[5756, 9, 'layer1_conv_filt28_ch20_coeff']
[5765, 9, 'layer1_conv_filt29_ch20_coeff']
[5774, 9, 'layer1_conv_filt30_ch20_coeff']
[5783, 9, 'layer1_conv_filt31_ch20_coeff']
[5792, 9, 'layer1_conv_filt0_ch28_coeff']
[5801, 9, 'layer1_conv_filt1_ch28_coeff']
[5810, 9, 'layer1_conv_filt2_ch28_coeff']
[5819, 9, 'layer1_conv_filt3_ch28_coeff']
[5828, 9, 'layer1_conv_filt4_ch28_coeff']
[5837, 9, 'layer1_conv_filt5_ch28_coeff']
[5846, 9, 'layer1_conv_filt6_ch28_coeff']
[5855, 9, 'layer1_conv_filt7_ch28_coeff']
[5864, 9, 'layer1_conv_filt8_ch28_coeff']
[5873, 9, 'layer1_conv_filt9_ch28_coeff']
[5882, 9, 'layer1_conv_filt10_ch28_coeff']
[5891, 9, 'layer1_conv_filt11_ch28_coeff']
[5900, 9, 'layer1_conv_filt12_ch28_coeff']
[5909, 9, 'layer1_conv_filt13_ch28_coeff']
[5918, 9, 'layer1_conv_filt14_ch28_coeff']
[5927, 9, 'layer1_conv_filt15_ch28_coeff']
[5936, 9, 'layer1_conv_filt16_ch28_coeff']
[5945, 9, 'layer1_conv_filt17_ch28_coeff']
[5954, 9, 'layer1_conv_filt18_ch28_coeff']
[5963, 9, 'layer1_conv_filt19_ch28_coeff']
[5972, 9, 'layer1_conv_filt20_ch28_coeff']
[5981, 9, 'layer1_conv_filt21_ch28_coeff']
[5990, 9, 'layer1_conv_filt22_ch28_coeff']
[5999, 9, 'layer1_conv_filt23_ch28_coeff']
[6008, 9, 'layer1_conv_filt24_ch28_coeff']
[6017, 9, 'layer1_conv_filt25_ch28_coeff']
[6026, 9, 'layer1_conv_filt26_ch28_coeff']
[6035, 9, 'layer1_conv_filt27_ch28_coeff']
[6044, 9, 'layer1_conv_filt28_ch28_coeff']
[6053, 9, 'layer1_conv_filt29_ch28_coeff']
[6062, 9, 'layer1_conv_filt30_ch28_coeff']
[6071, 9, 'layer1_conv_filt31_ch28_coeff']
[6080, 9, 'layer1_conv_filt0_ch5_coeff']
[6089, 9, 'layer1_conv_filt1_ch5_coeff']
[6098, 9, 'layer1_conv_filt2_ch5_coeff']
[6107, 9, 'layer1_conv_filt3_ch5_coeff']
[6116, 9, 'layer1_conv_filt4_ch5_coeff']
[6125, 9, 'layer1_conv_filt5_ch5_coeff']
[6134, 9, 'layer1_conv_filt6_ch5_coeff']
[6143, 9, 'layer1_conv_filt7_ch5_coeff']
[6152, 9, 'layer1_conv_filt8_ch5_coeff']
[6161, 9, 'layer1_conv_filt9_ch5_coeff']
[6170, 9, 'layer1_conv_filt10_ch5_coeff']
[6179, 9, 'layer1_conv_filt11_ch5_coeff']
[6188, 9, 'layer1_conv_filt12_ch5_coeff']
[6197, 9, 'layer1_conv_filt13_ch5_coeff']
[6206, 9, 'layer1_conv_filt14_ch5_coeff']
[6215, 9, 'layer1_conv_filt15_ch5_coeff']
[6224, 9, 'layer1_conv_filt16_ch5_coeff']
[6233, 9, 'layer1_conv_filt17_ch5_coeff']
[6242, 9, 'layer1_conv_filt18_ch5_coeff']
[6251, 9, 'layer1_conv_filt19_ch5_coeff']
[6260, 9, 'layer1_conv_filt20_ch5_coeff']
[6269, 9, 'layer1_conv_filt21_ch5_coeff']
[6278, 9, 'layer1_conv_filt22_ch5_coeff']
[6287, 9, 'layer1_conv_filt23_ch5_coeff']
[6296, 9, 'layer1_conv_filt24_ch5_coeff']
[6305, 9, 'layer1_conv_filt25_ch5_coeff']
[6314, 9, 'layer1_conv_filt26_ch5_coeff']
[6323, 9, 'layer1_conv_filt27_ch5_coeff']
[6332, 9, 'layer1_conv_filt28_ch5_coeff']
[6341, 9, 'layer1_conv_filt29_ch5_coeff']
[6350, 9, 'layer1_conv_filt30_ch5_coeff']
[6359, 9, 'layer1_conv_filt31_ch5_coeff']
[6368, 9, 'layer1_conv_filt0_ch13_coeff']
[6377, 9, 'layer1_conv_filt1_ch13_coeff']
[6386, 9, 'layer1_conv_filt2_ch13_coeff']
[6395, 9, 'layer1_conv_filt3_ch13_coeff']
[6404, 9, 'layer1_conv_filt4_ch13_coeff']
[6413, 9, 'layer1_conv_filt5_ch13_coeff']
[6422, 9, 'layer1_conv_filt6_ch13_coeff']
[6431, 9, 'layer1_conv_filt7_ch13_coeff']
[6440, 9, 'layer1_conv_filt8_ch13_coeff']
[6449, 9, 'layer1_conv_filt9_ch13_coeff']
[6458, 9, 'layer1_conv_filt10_ch13_coeff']
[6467, 9, 'layer1_conv_filt11_ch13_coeff']
[6476, 9, 'layer1_conv_filt12_ch13_coeff']
[6485, 9, 'layer1_conv_filt13_ch13_coeff']
[6494, 9, 'layer1_conv_filt14_ch13_coeff']
[6503, 9, 'layer1_conv_filt15_ch13_coeff']
[6512, 9, 'layer1_conv_filt16_ch13_coeff']
[6521, 9, 'layer1_conv_filt17_ch13_coeff']
[6530, 9, 'layer1_conv_filt18_ch13_coeff']
[6539, 9, 'layer1_conv_filt19_ch13_coeff']
[6548, 9, 'layer1_conv_filt20_ch13_coeff']
[6557, 9, 'layer1_conv_filt21_ch13_coeff']
[6566, 9, 'layer1_conv_filt22_ch13_coeff']
[6575, 9, 'layer1_conv_filt23_ch13_coeff']
[6584, 9, 'layer1_conv_filt24_ch13_coeff']
[6593, 9, 'layer1_conv_filt25_ch13_coeff']
[6602, 9, 'layer1_conv_filt26_ch13_coeff']
[6611, 9, 'layer1_conv_filt27_ch13_coeff']
[6620, 9, 'layer1_conv_filt28_ch13_coeff']
[6629, 9, 'layer1_conv_filt29_ch13_coeff']
[6638, 9, 'layer1_conv_filt30_ch13_coeff']
[6647, 9, 'layer1_conv_filt31_ch13_coeff']
[6656, 9, 'layer1_conv_filt0_ch21_coeff']
[6665, 9, 'layer1_conv_filt1_ch21_coeff']
[6674, 9, 'layer1_conv_filt2_ch21_coeff']
[6683, 9, 'layer1_conv_filt3_ch21_coeff']
[6692, 9, 'layer1_conv_filt4_ch21_coeff']
[6701, 9, 'layer1_conv_filt5_ch21_coeff']
[6710, 9, 'layer1_conv_filt6_ch21_coeff']
[6719, 9, 'layer1_conv_filt7_ch21_coeff']
[6728, 9, 'layer1_conv_filt8_ch21_coeff']
[6737, 9, 'layer1_conv_filt9_ch21_coeff']
[6746, 9, 'layer1_conv_filt10_ch21_coeff']
[6755, 9, 'layer1_conv_filt11_ch21_coeff']
[6764, 9, 'layer1_conv_filt12_ch21_coeff']
[6773, 9, 'layer1_conv_filt13_ch21_coeff']
[6782, 9, 'layer1_conv_filt14_ch21_coeff']
[6791, 9, 'layer1_conv_filt15_ch21_coeff']
[6800, 9, 'layer1_conv_filt16_ch21_coeff']
[6809, 9, 'layer1_conv_filt17_ch21_coeff']
[6818, 9, 'layer1_conv_filt18_ch21_coeff']
[6827, 9, 'layer1_conv_filt19_ch21_coeff']
[6836, 9, 'layer1_conv_filt20_ch21_coeff']
[6845, 9, 'layer1_conv_filt21_ch21_coeff']
[6854, 9, 'layer1_conv_filt22_ch21_coeff']
[6863, 9, 'layer1_conv_filt23_ch21_coeff']
[6872, 9, 'layer1_conv_filt24_ch21_coeff']
[6881, 9, 'layer1_conv_filt25_ch21_coeff']
[6890, 9, 'layer1_conv_filt26_ch21_coeff']
[6899, 9, 'layer1_conv_filt27_ch21_coeff']
[6908, 9, 'layer1_conv_filt28_ch21_coeff']
[6917, 9, 'layer1_conv_filt29_ch21_coeff']
[6926, 9, 'layer1_conv_filt30_ch21_coeff']
[6935, 9, 'layer1_conv_filt31_ch21_coeff']
[6944, 9, 'layer1_conv_filt0_ch29_coeff']
[6953, 9, 'layer1_conv_filt1_ch29_coeff']
[6962, 9, 'layer1_conv_filt2_ch29_coeff']
[6971, 9, 'layer1_conv_filt3_ch29_coeff']
[6980, 9, 'layer1_conv_filt4_ch29_coeff']
[6989, 9, 'layer1_conv_filt5_ch29_coeff']
[6998, 9, 'layer1_conv_filt6_ch29_coeff']
[7007, 9, 'layer1_conv_filt7_ch29_coeff']
[7016, 9, 'layer1_conv_filt8_ch29_coeff']
[7025, 9, 'layer1_conv_filt9_ch29_coeff']
[7034, 9, 'layer1_conv_filt10_ch29_coeff']
[7043, 9, 'layer1_conv_filt11_ch29_coeff']
[7052, 9, 'layer1_conv_filt12_ch29_coeff']
[7061, 9, 'layer1_conv_filt13_ch29_coeff']
[7070, 9, 'layer1_conv_filt14_ch29_coeff']
[7079, 9, 'layer1_conv_filt15_ch29_coeff']
[7088, 9, 'layer1_conv_filt16_ch29_coeff']
[7097, 9, 'layer1_conv_filt17_ch29_coeff']
[7106, 9, 'layer1_conv_filt18_ch29_coeff']
[7115, 9, 'layer1_conv_filt19_ch29_coeff']
[7124, 9, 'layer1_conv_filt20_ch29_coeff']
[7133, 9, 'layer1_conv_filt21_ch29_coeff']
[7142, 9, 'layer1_conv_filt22_ch29_coeff']
[7151, 9, 'layer1_conv_filt23_ch29_coeff']
[7160, 9, 'layer1_conv_filt24_ch29_coeff']
[7169, 9, 'layer1_conv_filt25_ch29_coeff']
[7178, 9, 'layer1_conv_filt26_ch29_coeff']
[7187, 9, 'layer1_conv_filt27_ch29_coeff']
[7196, 9, 'layer1_conv_filt28_ch29_coeff']
[7205, 9, 'layer1_conv_filt29_ch29_coeff']
[7214, 9, 'layer1_conv_filt30_ch29_coeff']
[7223, 9, 'layer1_conv_filt31_ch29_coeff']
[7232, 9, 'layer1_conv_filt0_ch6_coeff']
[7241, 9, 'layer1_conv_filt1_ch6_coeff']
[7250, 9, 'layer1_conv_filt2_ch6_coeff']
[7259, 9, 'layer1_conv_filt3_ch6_coeff']
[7268, 9, 'layer1_conv_filt4_ch6_coeff']
[7277, 9, 'layer1_conv_filt5_ch6_coeff']
[7286, 9, 'layer1_conv_filt6_ch6_coeff']
[7295, 9, 'layer1_conv_filt7_ch6_coeff']
[7304, 9, 'layer1_conv_filt8_ch6_coeff']
[7313, 9, 'layer1_conv_filt9_ch6_coeff']
[7322, 9, 'layer1_conv_filt10_ch6_coeff']
[7331, 9, 'layer1_conv_filt11_ch6_coeff']
[7340, 9, 'layer1_conv_filt12_ch6_coeff']
[7349, 9, 'layer1_conv_filt13_ch6_coeff']
[7358, 9, 'layer1_conv_filt14_ch6_coeff']
[7367, 9, 'layer1_conv_filt15_ch6_coeff']
[7376, 9, 'layer1_conv_filt16_ch6_coeff']
[7385, 9, 'layer1_conv_filt17_ch6_coeff']
[7394, 9, 'layer1_conv_filt18_ch6_coeff']
[7403, 9, 'layer1_conv_filt19_ch6_coeff']
[7412, 9, 'layer1_conv_filt20_ch6_coeff']
[7421, 9, 'layer1_conv_filt21_ch6_coeff']
[7430, 9, 'layer1_conv_filt22_ch6_coeff']
[7439, 9, 'layer1_conv_filt23_ch6_coeff']
[7448, 9, 'layer1_conv_filt24_ch6_coeff']
[7457, 9, 'layer1_conv_filt25_ch6_coeff']
[7466, 9, 'layer1_conv_filt26_ch6_coeff']
[7475, 9, 'layer1_conv_filt27_ch6_coeff']
[7484, 9, 'layer1_conv_filt28_ch6_coeff']
[7493, 9, 'layer1_conv_filt29_ch6_coeff']
[7502, 9, 'layer1_conv_filt30_ch6_coeff']
[7511, 9, 'layer1_conv_filt31_ch6_coeff']
[7520, 9, 'layer1_conv_filt0_ch14_coeff']
[7529, 9, 'layer1_conv_filt1_ch14_coeff']
[7538, 9, 'layer1_conv_filt2_ch14_coeff']
[7547, 9, 'layer1_conv_filt3_ch14_coeff']
[7556, 9, 'layer1_conv_filt4_ch14_coeff']
[7565, 9, 'layer1_conv_filt5_ch14_coeff']
[7574, 9, 'layer1_conv_filt6_ch14_coeff']
[7583, 9, 'layer1_conv_filt7_ch14_coeff']
[7592, 9, 'layer1_conv_filt8_ch14_coeff']
[7601, 9, 'layer1_conv_filt9_ch14_coeff']
[7610, 9, 'layer1_conv_filt10_ch14_coeff']
[7619, 9, 'layer1_conv_filt11_ch14_coeff']
[7628, 9, 'layer1_conv_filt12_ch14_coeff']
[7637, 9, 'layer1_conv_filt13_ch14_coeff']
[7646, 9, 'layer1_conv_filt14_ch14_coeff']
[7655, 9, 'layer1_conv_filt15_ch14_coeff']
[7664, 9, 'layer1_conv_filt16_ch14_coeff']
[7673, 9, 'layer1_conv_filt17_ch14_coeff']
[7682, 9, 'layer1_conv_filt18_ch14_coeff']
[7691, 9, 'layer1_conv_filt19_ch14_coeff']
[7700, 9, 'layer1_conv_filt20_ch14_coeff']
[7709, 9, 'layer1_conv_filt21_ch14_coeff']
[7718, 9, 'layer1_conv_filt22_ch14_coeff']
[7727, 9, 'layer1_conv_filt23_ch14_coeff']
[7736, 9, 'layer1_conv_filt24_ch14_coeff']
[7745, 9, 'layer1_conv_filt25_ch14_coeff']
[7754, 9, 'layer1_conv_filt26_ch14_coeff']
[7763, 9, 'layer1_conv_filt27_ch14_coeff']
[7772, 9, 'layer1_conv_filt28_ch14_coeff']
[7781, 9, 'layer1_conv_filt29_ch14_coeff']
[7790, 9, 'layer1_conv_filt30_ch14_coeff']
[7799, 9, 'layer1_conv_filt31_ch14_coeff']
[7808, 9, 'layer1_conv_filt0_ch22_coeff']
[7817, 9, 'layer1_conv_filt1_ch22_coeff']
[7826, 9, 'layer1_conv_filt2_ch22_coeff']
[7835, 9, 'layer1_conv_filt3_ch22_coeff']
[7844, 9, 'layer1_conv_filt4_ch22_coeff']
[7853, 9, 'layer1_conv_filt5_ch22_coeff']
[7862, 9, 'layer1_conv_filt6_ch22_coeff']
[7871, 9, 'layer1_conv_filt7_ch22_coeff']
[7880, 9, 'layer1_conv_filt8_ch22_coeff']
[7889, 9, 'layer1_conv_filt9_ch22_coeff']
[7898, 9, 'layer1_conv_filt10_ch22_coeff']
[7907, 9, 'layer1_conv_filt11_ch22_coeff']
[7916, 9, 'layer1_conv_filt12_ch22_coeff']
[7925, 9, 'layer1_conv_filt13_ch22_coeff']
[7934, 9, 'layer1_conv_filt14_ch22_coeff']
[7943, 9, 'layer1_conv_filt15_ch22_coeff']
[7952, 9, 'layer1_conv_filt16_ch22_coeff']
[7961, 9, 'layer1_conv_filt17_ch22_coeff']
[7970, 9, 'layer1_conv_filt18_ch22_coeff']
[7979, 9, 'layer1_conv_filt19_ch22_coeff']
[7988, 9, 'layer1_conv_filt20_ch22_coeff']
[7997, 9, 'layer1_conv_filt21_ch22_coeff']
[8006, 9, 'layer1_conv_filt22_ch22_coeff']
[8015, 9, 'layer1_conv_filt23_ch22_coeff']
[8024, 9, 'layer1_conv_filt24_ch22_coeff']
[8033, 9, 'layer1_conv_filt25_ch22_coeff']
[8042, 9, 'layer1_conv_filt26_ch22_coeff']
[8051, 9, 'layer1_conv_filt27_ch22_coeff']
[8060, 9, 'layer1_conv_filt28_ch22_coeff']
[8069, 9, 'layer1_conv_filt29_ch22_coeff']
[8078, 9, 'layer1_conv_filt30_ch22_coeff']
[8087, 9, 'layer1_conv_filt31_ch22_coeff']
[8096, 9, 'layer1_conv_filt0_ch30_coeff']
[8105, 9, 'layer1_conv_filt1_ch30_coeff']
[8114, 9, 'layer1_conv_filt2_ch30_coeff']
[8123, 9, 'layer1_conv_filt3_ch30_coeff']
[8132, 9, 'layer1_conv_filt4_ch30_coeff']
[8141, 9, 'layer1_conv_filt5_ch30_coeff']
[8150, 9, 'layer1_conv_filt6_ch30_coeff']
[8159, 9, 'layer1_conv_filt7_ch30_coeff']
[8168, 9, 'layer1_conv_filt8_ch30_coeff']
[8177, 9, 'layer1_conv_filt9_ch30_coeff']
[8186, 9, 'layer1_conv_filt10_ch30_coeff']
[8195, 9, 'layer1_conv_filt11_ch30_coeff']
[8204, 9, 'layer1_conv_filt12_ch30_coeff']
[8213, 9, 'layer1_conv_filt13_ch30_coeff']
[8222, 9, 'layer1_conv_filt14_ch30_coeff']
[8231, 9, 'layer1_conv_filt15_ch30_coeff']
[8240, 9, 'layer1_conv_filt16_ch30_coeff']
[8249, 9, 'layer1_conv_filt17_ch30_coeff']
[8258, 9, 'layer1_conv_filt18_ch30_coeff']
[8267, 9, 'layer1_conv_filt19_ch30_coeff']
[8276, 9, 'layer1_conv_filt20_ch30_coeff']
[8285, 9, 'layer1_conv_filt21_ch30_coeff']
[8294, 9, 'layer1_conv_filt22_ch30_coeff']
[8303, 9, 'layer1_conv_filt23_ch30_coeff']
[8312, 9, 'layer1_conv_filt24_ch30_coeff']
[8321, 9, 'layer1_conv_filt25_ch30_coeff']
[8330, 9, 'layer1_conv_filt26_ch30_coeff']
[8339, 9, 'layer1_conv_filt27_ch30_coeff']
[8348, 9, 'layer1_conv_filt28_ch30_coeff']
[8357, 9, 'layer1_conv_filt29_ch30_coeff']
[8366, 9, 'layer1_conv_filt30_ch30_coeff']
[8375, 9, 'layer1_conv_filt31_ch30_coeff']
[8384, 9, 'layer1_conv_filt0_ch7_coeff']
[8393, 9, 'layer1_conv_filt1_ch7_coeff']
[8402, 9, 'layer1_conv_filt2_ch7_coeff']
[8411, 9, 'layer1_conv_filt3_ch7_coeff']
[8420, 9, 'layer1_conv_filt4_ch7_coeff']
[8429, 9, 'layer1_conv_filt5_ch7_coeff']
[8438, 9, 'layer1_conv_filt6_ch7_coeff']
[8447, 9, 'layer1_conv_filt7_ch7_coeff']
[8456, 9, 'layer1_conv_filt8_ch7_coeff']
[8465, 9, 'layer1_conv_filt9_ch7_coeff']
[8474, 9, 'layer1_conv_filt10_ch7_coeff']
[8483, 9, 'layer1_conv_filt11_ch7_coeff']
[8492, 9, 'layer1_conv_filt12_ch7_coeff']
[8501, 9, 'layer1_conv_filt13_ch7_coeff']
[8510, 9, 'layer1_conv_filt14_ch7_coeff']
[8519, 9, 'layer1_conv_filt15_ch7_coeff']
[8528, 9, 'layer1_conv_filt16_ch7_coeff']
[8537, 9, 'layer1_conv_filt17_ch7_coeff']
[8546, 9, 'layer1_conv_filt18_ch7_coeff']
[8555, 9, 'layer1_conv_filt19_ch7_coeff']
[8564, 9, 'layer1_conv_filt20_ch7_coeff']
[8573, 9, 'layer1_conv_filt21_ch7_coeff']
[8582, 9, 'layer1_conv_filt22_ch7_coeff']
[8591, 9, 'layer1_conv_filt23_ch7_coeff']
[8600, 9, 'layer1_conv_filt24_ch7_coeff']
[8609, 9, 'layer1_conv_filt25_ch7_coeff']
[8618, 9, 'layer1_conv_filt26_ch7_coeff']
[8627, 9, 'layer1_conv_filt27_ch7_coeff']
[8636, 9, 'layer1_conv_filt28_ch7_coeff']
[8645, 9, 'layer1_conv_filt29_ch7_coeff']
[8654, 9, 'layer1_conv_filt30_ch7_coeff']
[8663, 9, 'layer1_conv_filt31_ch7_coeff']
[8672, 9, 'layer1_conv_filt0_ch15_coeff']
[8681, 9, 'layer1_conv_filt1_ch15_coeff']
[8690, 9, 'layer1_conv_filt2_ch15_coeff']
[8699, 9, 'layer1_conv_filt3_ch15_coeff']
[8708, 9, 'layer1_conv_filt4_ch15_coeff']
[8717, 9, 'layer1_conv_filt5_ch15_coeff']
[8726, 9, 'layer1_conv_filt6_ch15_coeff']
[8735, 9, 'layer1_conv_filt7_ch15_coeff']
[8744, 9, 'layer1_conv_filt8_ch15_coeff']
[8753, 9, 'layer1_conv_filt9_ch15_coeff']
[8762, 9, 'layer1_conv_filt10_ch15_coeff']
[8771, 9, 'layer1_conv_filt11_ch15_coeff']
[8780, 9, 'layer1_conv_filt12_ch15_coeff']
[8789, 9, 'layer1_conv_filt13_ch15_coeff']
[8798, 9, 'layer1_conv_filt14_ch15_coeff']
[8807, 9, 'layer1_conv_filt15_ch15_coeff']
[8816, 9, 'layer1_conv_filt16_ch15_coeff']
[8825, 9, 'layer1_conv_filt17_ch15_coeff']
[8834, 9, 'layer1_conv_filt18_ch15_coeff']
[8843, 9, 'layer1_conv_filt19_ch15_coeff']
[8852, 9, 'layer1_conv_filt20_ch15_coeff']
[8861, 9, 'layer1_conv_filt21_ch15_coeff']
[8870, 9, 'layer1_conv_filt22_ch15_coeff']
[8879, 9, 'layer1_conv_filt23_ch15_coeff']
[8888, 9, 'layer1_conv_filt24_ch15_coeff']
[8897, 9, 'layer1_conv_filt25_ch15_coeff']
[8906, 9, 'layer1_conv_filt26_ch15_coeff']
[8915, 9, 'layer1_conv_filt27_ch15_coeff']
[8924, 9, 'layer1_conv_filt28_ch15_coeff']
[8933, 9, 'layer1_conv_filt29_ch15_coeff']
[8942, 9, 'layer1_conv_filt30_ch15_coeff']
[8951, 9, 'layer1_conv_filt31_ch15_coeff']
[8960, 9, 'layer1_conv_filt0_ch23_coeff']
[8969, 9, 'layer1_conv_filt1_ch23_coeff']
[8978, 9, 'layer1_conv_filt2_ch23_coeff']
[8987, 9, 'layer1_conv_filt3_ch23_coeff']
[8996, 9, 'layer1_conv_filt4_ch23_coeff']
[9005, 9, 'layer1_conv_filt5_ch23_coeff']
[9014, 9, 'layer1_conv_filt6_ch23_coeff']
[9023, 9, 'layer1_conv_filt7_ch23_coeff']
[9032, 9, 'layer1_conv_filt8_ch23_coeff']
[9041, 9, 'layer1_conv_filt9_ch23_coeff']
[9050, 9, 'layer1_conv_filt10_ch23_coeff']
[9059, 9, 'layer1_conv_filt11_ch23_coeff']
[9068, 9, 'layer1_conv_filt12_ch23_coeff']
[9077, 9, 'layer1_conv_filt13_ch23_coeff']
[9086, 9, 'layer1_conv_filt14_ch23_coeff']
[9095, 9, 'layer1_conv_filt15_ch23_coeff']
[9104, 9, 'layer1_conv_filt16_ch23_coeff']
[9113, 9, 'layer1_conv_filt17_ch23_coeff']
[9122, 9, 'layer1_conv_filt18_ch23_coeff']
[9131, 9, 'layer1_conv_filt19_ch23_coeff']
[9140, 9, 'layer1_conv_filt20_ch23_coeff']
[9149, 9, 'layer1_conv_filt21_ch23_coeff']
[9158, 9, 'layer1_conv_filt22_ch23_coeff']
[9167, 9, 'layer1_conv_filt23_ch23_coeff']
[9176, 9, 'layer1_conv_filt24_ch23_coeff']
[9185, 9, 'layer1_conv_filt25_ch23_coeff']
[9194, 9, 'layer1_conv_filt26_ch23_coeff']
[9203, 9, 'layer1_conv_filt27_ch23_coeff']
[9212, 9, 'layer1_conv_filt28_ch23_coeff']
[9221, 9, 'layer1_conv_filt29_ch23_coeff']
[9230, 9, 'layer1_conv_filt30_ch23_coeff']
[9239, 9, 'layer1_conv_filt31_ch23_coeff']
[9248, 9, 'layer1_conv_filt0_ch31_coeff']
[9257, 9, 'layer1_conv_filt1_ch31_coeff']
[9266, 9, 'layer1_conv_filt2_ch31_coeff']
[9275, 9, 'layer1_conv_filt3_ch31_coeff']
[9284, 9, 'layer1_conv_filt4_ch31_coeff']
[9293, 9, 'layer1_conv_filt5_ch31_coeff']
[9302, 9, 'layer1_conv_filt6_ch31_coeff']
[9311, 9, 'layer1_conv_filt7_ch31_coeff']
[9320, 9, 'layer1_conv_filt8_ch31_coeff']
[9329, 9, 'layer1_conv_filt9_ch31_coeff']
[9338, 9, 'layer1_conv_filt10_ch31_coeff']
[9347, 9, 'layer1_conv_filt11_ch31_coeff']
[9356, 9, 'layer1_conv_filt12_ch31_coeff']
[9365, 9, 'layer1_conv_filt13_ch31_coeff']
[9374, 9, 'layer1_conv_filt14_ch31_coeff']
[9383, 9, 'layer1_conv_filt15_ch31_coeff']
[9392, 9, 'layer1_conv_filt16_ch31_coeff']
[9401, 9, 'layer1_conv_filt17_ch31_coeff']
[9410, 9, 'layer1_conv_filt18_ch31_coeff']
[9419, 9, 'layer1_conv_filt19_ch31_coeff']
[9428, 9, 'layer1_conv_filt20_ch31_coeff']
[9437, 9, 'layer1_conv_filt21_ch31_coeff']
[9446, 9, 'layer1_conv_filt22_ch31_coeff']
[9455, 9, 'layer1_conv_filt23_ch31_coeff']
[9464, 9, 'layer1_conv_filt24_ch31_coeff']
[9473, 9, 'layer1_conv_filt25_ch31_coeff']
[9482, 9, 'layer1_conv_filt26_ch31_coeff']
[9491, 9, 'layer1_conv_filt27_ch31_coeff']
[9500, 9, 'layer1_conv_filt28_ch31_coeff']
[9509, 9, 'layer1_conv_filt29_ch31_coeff']
[9518, 9, 'layer1_conv_filt30_ch31_coeff']
[9527, 9, 'layer1_conv_filt31_ch31_coeff']
[9536, 1, 'layer1_conv_filt0_bias']
[9537, 1, 'layer1_conv_filt1_bias']
[9538, 1, 'layer1_conv_filt2_bias']
[9539, 1, 'layer1_conv_filt3_bias']
[9540, 1, 'layer1_conv_filt4_bias']
[9541, 1, 'layer1_conv_filt5_bias']
[9542, 1, 'layer1_conv_filt6_bias']
[9543, 1, 'layer1_conv_filt7_bias']
[9544, 1, 'layer1_conv_filt8_bias']
[9545, 1, 'layer1_conv_filt9_bias']
[9546, 1, 'layer1_conv_filt10_bias']
[9547, 1, 'layer1_conv_filt11_bias']
[9548, 1, 'layer1_conv_filt12_bias']
[9549, 1, 'layer1_conv_filt13_bias']
[9550, 1, 'layer1_conv_filt14_bias']
[9551, 1, 'layer1_conv_filt15_bias']
[9552, 1, 'layer1_conv_filt16_bias']
[9553, 1, 'layer1_conv_filt17_bias']
[9554, 1, 'layer1_conv_filt18_bias']
[9555, 1, 'layer1_conv_filt19_bias']
[9556, 1, 'layer1_conv_filt20_bias']
[9557, 1, 'layer1_conv_filt21_bias']
[9558, 1, 'layer1_conv_filt22_bias']
[9559, 1, 'layer1_conv_filt23_bias']
[9560, 1, 'layer1_conv_filt24_bias']
[9561, 1, 'layer1_conv_filt25_bias']
[9562, 1, 'layer1_conv_filt26_bias']
[9563, 1, 'layer1_conv_filt27_bias']
[9564, 1, 'layer1_conv_filt28_bias']
[9565, 1, 'layer1_conv_filt29_bias']
[9566, 1, 'layer1_conv_filt30_bias']
[9567, 1, 'layer1_conv_filt31_bias']
[9568, 288, 'layer6_dense_outnode0']
[9856, 1, 'layer6_dense_outnode0_bias']
[9857, 288, 'layer6_dense_outnode8']
[10145, 1, 'layer6_dense_outnode8_bias']
[10146, 288, 'layer6_dense_outnode1']
[10434, 1, 'layer6_dense_outnode1_bias']
[10435, 288, 'layer6_dense_outnode9']
[10723, 1, 'layer6_dense_outnode9_bias']
[10724, 288, 'layer6_dense_outnode2']
[11012, 1, 'layer6_dense_outnode2_bias']
[11013, 288, 'layer6_dense_outnode10']
[11301, 1, 'layer6_dense_outnode10_bias']
[11302, 288, 'layer6_dense_outnode3']
[11590, 1, 'layer6_dense_outnode3_bias']
[11591, 288, 'layer6_dense_outnode11']
[11879, 1, 'layer6_dense_outnode11_bias']
[11880, 288, 'layer6_dense_outnode4']
[12168, 1, 'layer6_dense_outnode4_bias']
[12169, 288, 'layer6_dense_outnode12']
[12457, 1, 'layer6_dense_outnode12_bias']
[12458, 288, 'layer6_dense_outnode5']
[12746, 1, 'layer6_dense_outnode5_bias']
[12747, 288, 'layer6_dense_outnode13']
[13035, 1, 'layer6_dense_outnode13_bias']
[13036, 288, 'layer6_dense_outnode6']
[13324, 1, 'layer6_dense_outnode6_bias']
[13325, 288, 'layer6_dense_outnode14']
[13613, 1, 'layer6_dense_outnode14_bias']
[13614, 288, 'layer6_dense_outnode7']
[13902, 1, 'layer6_dense_outnode7_bias']
[13903, 288, 'layer6_dense_outnode15']
[14191, 1, 'layer6_dense_outnode15_bias']
[14192, 16, 'layer7_dense_outnode0']
[14208, 1, 'layer7_dense_outnode0_bias']
[14209, 16, 'layer7_dense_outnode8']
[14225, 1, 'layer7_dense_outnode8_bias']
[14226, 16, 'layer7_dense_outnode1']
[14242, 1, 'layer7_dense_outnode1_bias']
[14243, 16, 'layer7_dense_outnode9']
[14259, 1, 'layer7_dense_outnode9_bias']
[14260, 16, 'layer7_dense_outnode2']
[14276, 1, 'layer7_dense_outnode2_bias']
[14277, 16, 'layer7_dense_outnode3']
[14293, 1, 'layer7_dense_outnode3_bias']
[14294, 16, 'layer7_dense_outnode4']
[14310, 1, 'layer7_dense_outnode4_bias']
[14311, 16, 'layer7_dense_outnode5']
[14327, 1, 'layer7_dense_outnode5_bias']
[14328, 16, 'layer7_dense_outnode6']
[14344, 1, 'layer7_dense_outnode6_bias']
[14345, 16, 'layer7_dense_outnode7']
[14361, 1, 'layer7_dense_outnode7_bias']
