[0, 9, 'layer0_conv_filt0_ch0_coeff']
[9, 1, 'layer0_conv_filt0_bias']
[10, 9, 'layer0_conv_filt1_ch0_coeff']
[19, 1, 'layer0_conv_filt1_bias']
[20, 9, 'layer0_conv_filt2_ch0_coeff']
[29, 1, 'layer0_conv_filt2_bias']
[30, 9, 'layer0_conv_filt3_ch0_coeff']
[39, 1, 'layer0_conv_filt3_bias']
[40, 9, 'layer0_conv_filt4_ch0_coeff']
[49, 1, 'layer0_conv_filt4_bias']
[50, 9, 'layer0_conv_filt5_ch0_coeff']
[59, 1, 'layer0_conv_filt5_bias']
[60, 9, 'layer0_conv_filt6_ch0_coeff']
[69, 1, 'layer0_conv_filt6_bias']
[70, 9, 'layer0_conv_filt7_ch0_coeff']
[79, 1, 'layer0_conv_filt7_bias']
[80, 9, 'layer0_conv_filt8_ch0_coeff']
[89, 1, 'layer0_conv_filt8_bias']
[90, 9, 'layer0_conv_filt9_ch0_coeff']
[99, 1, 'layer0_conv_filt9_bias']
[100, 9, 'layer0_conv_filt10_ch0_coeff']
[109, 1, 'layer0_conv_filt10_bias']
[110, 9, 'layer0_conv_filt11_ch0_coeff']
[119, 1, 'layer0_conv_filt11_bias']
[120, 9, 'layer0_conv_filt12_ch0_coeff']
[129, 1, 'layer0_conv_filt12_bias']
[130, 9, 'layer0_conv_filt13_ch0_coeff']
[139, 1, 'layer0_conv_filt13_bias']
[140, 9, 'layer0_conv_filt14_ch0_coeff']
[149, 1, 'layer0_conv_filt14_bias']
[150, 9, 'layer0_conv_filt15_ch0_coeff']
[159, 1, 'layer0_conv_filt15_bias']
[160, 9, 'layer0_conv_filt16_ch0_coeff']
[169, 1, 'layer0_conv_filt16_bias']
[170, 9, 'layer0_conv_filt17_ch0_coeff']
[179, 1, 'layer0_conv_filt17_bias']
[180, 9, 'layer0_conv_filt18_ch0_coeff']
[189, 1, 'layer0_conv_filt18_bias']
[190, 9, 'layer0_conv_filt19_ch0_coeff']
[199, 1, 'layer0_conv_filt19_bias']
[200, 9, 'layer0_conv_filt20_ch0_coeff']
[209, 1, 'layer0_conv_filt20_bias']
[210, 9, 'layer0_conv_filt21_ch0_coeff']
[219, 1, 'layer0_conv_filt21_bias']
[220, 9, 'layer0_conv_filt22_ch0_coeff']
[229, 1, 'layer0_conv_filt22_bias']
[230, 9, 'layer0_conv_filt23_ch0_coeff']
[239, 1, 'layer0_conv_filt23_bias']
[240, 9, 'layer0_conv_filt24_ch0_coeff']
[249, 1, 'layer0_conv_filt24_bias']
[250, 9, 'layer0_conv_filt25_ch0_coeff']
[259, 1, 'layer0_conv_filt25_bias']
[260, 9, 'layer0_conv_filt26_ch0_coeff']
[269, 1, 'layer0_conv_filt26_bias']
[270, 9, 'layer0_conv_filt27_ch0_coeff']
[279, 1, 'layer0_conv_filt27_bias']
[280, 9, 'layer0_conv_filt28_ch0_coeff']
[289, 1, 'layer0_conv_filt28_bias']
[290, 9, 'layer0_conv_filt29_ch0_coeff']
[299, 1, 'layer0_conv_filt29_bias']
[300, 9, 'layer0_conv_filt30_ch0_coeff']
[309, 1, 'layer0_conv_filt30_bias']
[310, 9, 'layer0_conv_filt31_ch0_coeff']
[319, 1, 'layer0_conv_filt31_bias']
[320, 9, 'layer1_conv_filt0_ch0_coeff']
[329, 9, 'layer1_conv_filt0_ch1_coeff']
[338, 9, 'layer1_conv_filt0_ch2_coeff']
[347, 9, 'layer1_conv_filt0_ch3_coeff']
[356, 9, 'layer1_conv_filt0_ch4_coeff']
[365, 9, 'layer1_conv_filt0_ch5_coeff']
[374, 9, 'layer1_conv_filt0_ch6_coeff']
[383, 9, 'layer1_conv_filt0_ch7_coeff']
[392, 9, 'layer1_conv_filt0_ch8_coeff']
[401, 9, 'layer1_conv_filt0_ch9_coeff']
[410, 9, 'layer1_conv_filt0_ch10_coeff']
[419, 9, 'layer1_conv_filt0_ch11_coeff']
[428, 9, 'layer1_conv_filt0_ch12_coeff']
[437, 9, 'layer1_conv_filt0_ch13_coeff']
[446, 9, 'layer1_conv_filt0_ch14_coeff']
[455, 9, 'layer1_conv_filt0_ch15_coeff']
[464, 9, 'layer1_conv_filt0_ch16_coeff']
[473, 9, 'layer1_conv_filt0_ch17_coeff']
[482, 9, 'layer1_conv_filt0_ch18_coeff']
[491, 9, 'layer1_conv_filt0_ch19_coeff']
[500, 9, 'layer1_conv_filt0_ch20_coeff']
[509, 9, 'layer1_conv_filt0_ch21_coeff']
[518, 9, 'layer1_conv_filt0_ch22_coeff']
[527, 9, 'layer1_conv_filt0_ch23_coeff']
[536, 9, 'layer1_conv_filt0_ch24_coeff']
[545, 9, 'layer1_conv_filt0_ch25_coeff']
[554, 9, 'layer1_conv_filt0_ch26_coeff']
[563, 9, 'layer1_conv_filt0_ch27_coeff']
[572, 9, 'layer1_conv_filt0_ch28_coeff']
[581, 9, 'layer1_conv_filt0_ch29_coeff']
[590, 9, 'layer1_conv_filt0_ch30_coeff']
[599, 9, 'layer1_conv_filt0_ch31_coeff']
[608, 1, 'layer1_conv_filt0_bias']
[609, 9, 'layer1_conv_filt1_ch0_coeff']
[618, 9, 'layer1_conv_filt1_ch1_coeff']
[627, 9, 'layer1_conv_filt1_ch2_coeff']
[636, 9, 'layer1_conv_filt1_ch3_coeff']
[645, 9, 'layer1_conv_filt1_ch4_coeff']
[654, 9, 'layer1_conv_filt1_ch5_coeff']
[663, 9, 'layer1_conv_filt1_ch6_coeff']
[672, 9, 'layer1_conv_filt1_ch7_coeff']
[681, 9, 'layer1_conv_filt1_ch8_coeff']
[690, 9, 'layer1_conv_filt1_ch9_coeff']
[699, 9, 'layer1_conv_filt1_ch10_coeff']
[708, 9, 'layer1_conv_filt1_ch11_coeff']
[717, 9, 'layer1_conv_filt1_ch12_coeff']
[726, 9, 'layer1_conv_filt1_ch13_coeff']
[735, 9, 'layer1_conv_filt1_ch14_coeff']
[744, 9, 'layer1_conv_filt1_ch15_coeff']
[753, 9, 'layer1_conv_filt1_ch16_coeff']
[762, 9, 'layer1_conv_filt1_ch17_coeff']
[771, 9, 'layer1_conv_filt1_ch18_coeff']
[780, 9, 'layer1_conv_filt1_ch19_coeff']
[789, 9, 'layer1_conv_filt1_ch20_coeff']
[798, 9, 'layer1_conv_filt1_ch21_coeff']
[807, 9, 'layer1_conv_filt1_ch22_coeff']
[816, 9, 'layer1_conv_filt1_ch23_coeff']
[825, 9, 'layer1_conv_filt1_ch24_coeff']
[834, 9, 'layer1_conv_filt1_ch25_coeff']
[843, 9, 'layer1_conv_filt1_ch26_coeff']
[852, 9, 'layer1_conv_filt1_ch27_coeff']
[861, 9, 'layer1_conv_filt1_ch28_coeff']
[870, 9, 'layer1_conv_filt1_ch29_coeff']
[879, 9, 'layer1_conv_filt1_ch30_coeff']
[888, 9, 'layer1_conv_filt1_ch31_coeff']
[897, 1, 'layer1_conv_filt1_bias']
[898, 9, 'layer1_conv_filt2_ch0_coeff']
[907, 9, 'layer1_conv_filt2_ch1_coeff']
[916, 9, 'layer1_conv_filt2_ch2_coeff']
[925, 9, 'layer1_conv_filt2_ch3_coeff']
[934, 9, 'layer1_conv_filt2_ch4_coeff']
[943, 9, 'layer1_conv_filt2_ch5_coeff']
[952, 9, 'layer1_conv_filt2_ch6_coeff']
[961, 9, 'layer1_conv_filt2_ch7_coeff']
[970, 9, 'layer1_conv_filt2_ch8_coeff']
[979, 9, 'layer1_conv_filt2_ch9_coeff']
[988, 9, 'layer1_conv_filt2_ch10_coeff']
[997, 9, 'layer1_conv_filt2_ch11_coeff']
[1006, 9, 'layer1_conv_filt2_ch12_coeff']
[1015, 9, 'layer1_conv_filt2_ch13_coeff']
[1024, 9, 'layer1_conv_filt2_ch14_coeff']
[1033, 9, 'layer1_conv_filt2_ch15_coeff']
[1042, 9, 'layer1_conv_filt2_ch16_coeff']
[1051, 9, 'layer1_conv_filt2_ch17_coeff']
[1060, 9, 'layer1_conv_filt2_ch18_coeff']
[1069, 9, 'layer1_conv_filt2_ch19_coeff']
[1078, 9, 'layer1_conv_filt2_ch20_coeff']
[1087, 9, 'layer1_conv_filt2_ch21_coeff']
[1096, 9, 'layer1_conv_filt2_ch22_coeff']
[1105, 9, 'layer1_conv_filt2_ch23_coeff']
[1114, 9, 'layer1_conv_filt2_ch24_coeff']
[1123, 9, 'layer1_conv_filt2_ch25_coeff']
[1132, 9, 'layer1_conv_filt2_ch26_coeff']
[1141, 9, 'layer1_conv_filt2_ch27_coeff']
[1150, 9, 'layer1_conv_filt2_ch28_coeff']
[1159, 9, 'layer1_conv_filt2_ch29_coeff']
[1168, 9, 'layer1_conv_filt2_ch30_coeff']
[1177, 9, 'layer1_conv_filt2_ch31_coeff']
[1186, 1, 'layer1_conv_filt2_bias']
[1187, 9, 'layer1_conv_filt3_ch0_coeff']
[1196, 9, 'layer1_conv_filt3_ch1_coeff']
[1205, 9, 'layer1_conv_filt3_ch2_coeff']
[1214, 9, 'layer1_conv_filt3_ch3_coeff']
[1223, 9, 'layer1_conv_filt3_ch4_coeff']
[1232, 9, 'layer1_conv_filt3_ch5_coeff']
[1241, 9, 'layer1_conv_filt3_ch6_coeff']
[1250, 9, 'layer1_conv_filt3_ch7_coeff']
[1259, 9, 'layer1_conv_filt3_ch8_coeff']
[1268, 9, 'layer1_conv_filt3_ch9_coeff']
[1277, 9, 'layer1_conv_filt3_ch10_coeff']
[1286, 9, 'layer1_conv_filt3_ch11_coeff']
[1295, 9, 'layer1_conv_filt3_ch12_coeff']
[1304, 9, 'layer1_conv_filt3_ch13_coeff']
[1313, 9, 'layer1_conv_filt3_ch14_coeff']
[1322, 9, 'layer1_conv_filt3_ch15_coeff']
[1331, 9, 'layer1_conv_filt3_ch16_coeff']
[1340, 9, 'layer1_conv_filt3_ch17_coeff']
[1349, 9, 'layer1_conv_filt3_ch18_coeff']
[1358, 9, 'layer1_conv_filt3_ch19_coeff']
[1367, 9, 'layer1_conv_filt3_ch20_coeff']
[1376, 9, 'layer1_conv_filt3_ch21_coeff']
[1385, 9, 'layer1_conv_filt3_ch22_coeff']
[1394, 9, 'layer1_conv_filt3_ch23_coeff']
[1403, 9, 'layer1_conv_filt3_ch24_coeff']
[1412, 9, 'layer1_conv_filt3_ch25_coeff']
[1421, 9, 'layer1_conv_filt3_ch26_coeff']
[1430, 9, 'layer1_conv_filt3_ch27_coeff']
[1439, 9, 'layer1_conv_filt3_ch28_coeff']
[1448, 9, 'layer1_conv_filt3_ch29_coeff']
[1457, 9, 'layer1_conv_filt3_ch30_coeff']
[1466, 9, 'layer1_conv_filt3_ch31_coeff']
[1475, 1, 'layer1_conv_filt3_bias']
[1476, 9, 'layer1_conv_filt4_ch0_coeff']
[1485, 9, 'layer1_conv_filt4_ch1_coeff']
[1494, 9, 'layer1_conv_filt4_ch2_coeff']
[1503, 9, 'layer1_conv_filt4_ch3_coeff']
[1512, 9, 'layer1_conv_filt4_ch4_coeff']
[1521, 9, 'layer1_conv_filt4_ch5_coeff']
[1530, 9, 'layer1_conv_filt4_ch6_coeff']
[1539, 9, 'layer1_conv_filt4_ch7_coeff']
[1548, 9, 'layer1_conv_filt4_ch8_coeff']
[1557, 9, 'layer1_conv_filt4_ch9_coeff']
[1566, 9, 'layer1_conv_filt4_ch10_coeff']
[1575, 9, 'layer1_conv_filt4_ch11_coeff']
[1584, 9, 'layer1_conv_filt4_ch12_coeff']
[1593, 9, 'layer1_conv_filt4_ch13_coeff']
[1602, 9, 'layer1_conv_filt4_ch14_coeff']
[1611, 9, 'layer1_conv_filt4_ch15_coeff']
[1620, 9, 'layer1_conv_filt4_ch16_coeff']
[1629, 9, 'layer1_conv_filt4_ch17_coeff']
[1638, 9, 'layer1_conv_filt4_ch18_coeff']
[1647, 9, 'layer1_conv_filt4_ch19_coeff']
[1656, 9, 'layer1_conv_filt4_ch20_coeff']
[1665, 9, 'layer1_conv_filt4_ch21_coeff']
[1674, 9, 'layer1_conv_filt4_ch22_coeff']
[1683, 9, 'layer1_conv_filt4_ch23_coeff']
[1692, 9, 'layer1_conv_filt4_ch24_coeff']
[1701, 9, 'layer1_conv_filt4_ch25_coeff']
[1710, 9, 'layer1_conv_filt4_ch26_coeff']
[1719, 9, 'layer1_conv_filt4_ch27_coeff']
[1728, 9, 'layer1_conv_filt4_ch28_coeff']
[1737, 9, 'layer1_conv_filt4_ch29_coeff']
[1746, 9, 'layer1_conv_filt4_ch30_coeff']
[1755, 9, 'layer1_conv_filt4_ch31_coeff']
[1764, 1, 'layer1_conv_filt4_bias']
[1765, 9, 'layer1_conv_filt5_ch0_coeff']
[1774, 9, 'layer1_conv_filt5_ch1_coeff']
[1783, 9, 'layer1_conv_filt5_ch2_coeff']
[1792, 9, 'layer1_conv_filt5_ch3_coeff']
[1801, 9, 'layer1_conv_filt5_ch4_coeff']
[1810, 9, 'layer1_conv_filt5_ch5_coeff']
[1819, 9, 'layer1_conv_filt5_ch6_coeff']
[1828, 9, 'layer1_conv_filt5_ch7_coeff']
[1837, 9, 'layer1_conv_filt5_ch8_coeff']
[1846, 9, 'layer1_conv_filt5_ch9_coeff']
[1855, 9, 'layer1_conv_filt5_ch10_coeff']
[1864, 9, 'layer1_conv_filt5_ch11_coeff']
[1873, 9, 'layer1_conv_filt5_ch12_coeff']
[1882, 9, 'layer1_conv_filt5_ch13_coeff']
[1891, 9, 'layer1_conv_filt5_ch14_coeff']
[1900, 9, 'layer1_conv_filt5_ch15_coeff']
[1909, 9, 'layer1_conv_filt5_ch16_coeff']
[1918, 9, 'layer1_conv_filt5_ch17_coeff']
[1927, 9, 'layer1_conv_filt5_ch18_coeff']
[1936, 9, 'layer1_conv_filt5_ch19_coeff']
[1945, 9, 'layer1_conv_filt5_ch20_coeff']
[1954, 9, 'layer1_conv_filt5_ch21_coeff']
[1963, 9, 'layer1_conv_filt5_ch22_coeff']
[1972, 9, 'layer1_conv_filt5_ch23_coeff']
[1981, 9, 'layer1_conv_filt5_ch24_coeff']
[1990, 9, 'layer1_conv_filt5_ch25_coeff']
[1999, 9, 'layer1_conv_filt5_ch26_coeff']
[2008, 9, 'layer1_conv_filt5_ch27_coeff']
[2017, 9, 'layer1_conv_filt5_ch28_coeff']
[2026, 9, 'layer1_conv_filt5_ch29_coeff']
[2035, 9, 'layer1_conv_filt5_ch30_coeff']
[2044, 9, 'layer1_conv_filt5_ch31_coeff']
[2053, 1, 'layer1_conv_filt5_bias']
[2054, 9, 'layer1_conv_filt6_ch0_coeff']
[2063, 9, 'layer1_conv_filt6_ch1_coeff']
[2072, 9, 'layer1_conv_filt6_ch2_coeff']
[2081, 9, 'layer1_conv_filt6_ch3_coeff']
[2090, 9, 'layer1_conv_filt6_ch4_coeff']
[2099, 9, 'layer1_conv_filt6_ch5_coeff']
[2108, 9, 'layer1_conv_filt6_ch6_coeff']
[2117, 9, 'layer1_conv_filt6_ch7_coeff']
[2126, 9, 'layer1_conv_filt6_ch8_coeff']
[2135, 9, 'layer1_conv_filt6_ch9_coeff']
[2144, 9, 'layer1_conv_filt6_ch10_coeff']
[2153, 9, 'layer1_conv_filt6_ch11_coeff']
[2162, 9, 'layer1_conv_filt6_ch12_coeff']
[2171, 9, 'layer1_conv_filt6_ch13_coeff']
[2180, 9, 'layer1_conv_filt6_ch14_coeff']
[2189, 9, 'layer1_conv_filt6_ch15_coeff']
[2198, 9, 'layer1_conv_filt6_ch16_coeff']
[2207, 9, 'layer1_conv_filt6_ch17_coeff']
[2216, 9, 'layer1_conv_filt6_ch18_coeff']
[2225, 9, 'layer1_conv_filt6_ch19_coeff']
[2234, 9, 'layer1_conv_filt6_ch20_coeff']
[2243, 9, 'layer1_conv_filt6_ch21_coeff']
[2252, 9, 'layer1_conv_filt6_ch22_coeff']
[2261, 9, 'layer1_conv_filt6_ch23_coeff']
[2270, 9, 'layer1_conv_filt6_ch24_coeff']
[2279, 9, 'layer1_conv_filt6_ch25_coeff']
[2288, 9, 'layer1_conv_filt6_ch26_coeff']
[2297, 9, 'layer1_conv_filt6_ch27_coeff']
[2306, 9, 'layer1_conv_filt6_ch28_coeff']
[2315, 9, 'layer1_conv_filt6_ch29_coeff']
[2324, 9, 'layer1_conv_filt6_ch30_coeff']
[2333, 9, 'layer1_conv_filt6_ch31_coeff']
[2342, 1, 'layer1_conv_filt6_bias']
[2343, 9, 'layer1_conv_filt7_ch0_coeff']
[2352, 9, 'layer1_conv_filt7_ch1_coeff']
[2361, 9, 'layer1_conv_filt7_ch2_coeff']
[2370, 9, 'layer1_conv_filt7_ch3_coeff']
[2379, 9, 'layer1_conv_filt7_ch4_coeff']
[2388, 9, 'layer1_conv_filt7_ch5_coeff']
[2397, 9, 'layer1_conv_filt7_ch6_coeff']
[2406, 9, 'layer1_conv_filt7_ch7_coeff']
[2415, 9, 'layer1_conv_filt7_ch8_coeff']
[2424, 9, 'layer1_conv_filt7_ch9_coeff']
[2433, 9, 'layer1_conv_filt7_ch10_coeff']
[2442, 9, 'layer1_conv_filt7_ch11_coeff']
[2451, 9, 'layer1_conv_filt7_ch12_coeff']
[2460, 9, 'layer1_conv_filt7_ch13_coeff']
[2469, 9, 'layer1_conv_filt7_ch14_coeff']
[2478, 9, 'layer1_conv_filt7_ch15_coeff']
[2487, 9, 'layer1_conv_filt7_ch16_coeff']
[2496, 9, 'layer1_conv_filt7_ch17_coeff']
[2505, 9, 'layer1_conv_filt7_ch18_coeff']
[2514, 9, 'layer1_conv_filt7_ch19_coeff']
[2523, 9, 'layer1_conv_filt7_ch20_coeff']
[2532, 9, 'layer1_conv_filt7_ch21_coeff']
[2541, 9, 'layer1_conv_filt7_ch22_coeff']
[2550, 9, 'layer1_conv_filt7_ch23_coeff']
[2559, 9, 'layer1_conv_filt7_ch24_coeff']
[2568, 9, 'layer1_conv_filt7_ch25_coeff']
[2577, 9, 'layer1_conv_filt7_ch26_coeff']
[2586, 9, 'layer1_conv_filt7_ch27_coeff']
[2595, 9, 'layer1_conv_filt7_ch28_coeff']
[2604, 9, 'layer1_conv_filt7_ch29_coeff']
[2613, 9, 'layer1_conv_filt7_ch30_coeff']
[2622, 9, 'layer1_conv_filt7_ch31_coeff']
[2631, 1, 'layer1_conv_filt7_bias']
[2632, 9, 'layer1_conv_filt8_ch0_coeff']
[2641, 9, 'layer1_conv_filt8_ch1_coeff']
[2650, 9, 'layer1_conv_filt8_ch2_coeff']
[2659, 9, 'layer1_conv_filt8_ch3_coeff']
[2668, 9, 'layer1_conv_filt8_ch4_coeff']
[2677, 9, 'layer1_conv_filt8_ch5_coeff']
[2686, 9, 'layer1_conv_filt8_ch6_coeff']
[2695, 9, 'layer1_conv_filt8_ch7_coeff']
[2704, 9, 'layer1_conv_filt8_ch8_coeff']
[2713, 9, 'layer1_conv_filt8_ch9_coeff']
[2722, 9, 'layer1_conv_filt8_ch10_coeff']
[2731, 9, 'layer1_conv_filt8_ch11_coeff']
[2740, 9, 'layer1_conv_filt8_ch12_coeff']
[2749, 9, 'layer1_conv_filt8_ch13_coeff']
[2758, 9, 'layer1_conv_filt8_ch14_coeff']
[2767, 9, 'layer1_conv_filt8_ch15_coeff']
[2776, 9, 'layer1_conv_filt8_ch16_coeff']
[2785, 9, 'layer1_conv_filt8_ch17_coeff']
[2794, 9, 'layer1_conv_filt8_ch18_coeff']
[2803, 9, 'layer1_conv_filt8_ch19_coeff']
[2812, 9, 'layer1_conv_filt8_ch20_coeff']
[2821, 9, 'layer1_conv_filt8_ch21_coeff']
[2830, 9, 'layer1_conv_filt8_ch22_coeff']
[2839, 9, 'layer1_conv_filt8_ch23_coeff']
[2848, 9, 'layer1_conv_filt8_ch24_coeff']
[2857, 9, 'layer1_conv_filt8_ch25_coeff']
[2866, 9, 'layer1_conv_filt8_ch26_coeff']
[2875, 9, 'layer1_conv_filt8_ch27_coeff']
[2884, 9, 'layer1_conv_filt8_ch28_coeff']
[2893, 9, 'layer1_conv_filt8_ch29_coeff']
[2902, 9, 'layer1_conv_filt8_ch30_coeff']
[2911, 9, 'layer1_conv_filt8_ch31_coeff']
[2920, 1, 'layer1_conv_filt8_bias']
[2921, 9, 'layer1_conv_filt9_ch0_coeff']
[2930, 9, 'layer1_conv_filt9_ch1_coeff']
[2939, 9, 'layer1_conv_filt9_ch2_coeff']
[2948, 9, 'layer1_conv_filt9_ch3_coeff']
[2957, 9, 'layer1_conv_filt9_ch4_coeff']
[2966, 9, 'layer1_conv_filt9_ch5_coeff']
[2975, 9, 'layer1_conv_filt9_ch6_coeff']
[2984, 9, 'layer1_conv_filt9_ch7_coeff']
[2993, 9, 'layer1_conv_filt9_ch8_coeff']
[3002, 9, 'layer1_conv_filt9_ch9_coeff']
[3011, 9, 'layer1_conv_filt9_ch10_coeff']
[3020, 9, 'layer1_conv_filt9_ch11_coeff']
[3029, 9, 'layer1_conv_filt9_ch12_coeff']
[3038, 9, 'layer1_conv_filt9_ch13_coeff']
[3047, 9, 'layer1_conv_filt9_ch14_coeff']
[3056, 9, 'layer1_conv_filt9_ch15_coeff']
[3065, 9, 'layer1_conv_filt9_ch16_coeff']
[3074, 9, 'layer1_conv_filt9_ch17_coeff']
[3083, 9, 'layer1_conv_filt9_ch18_coeff']
[3092, 9, 'layer1_conv_filt9_ch19_coeff']
[3101, 9, 'layer1_conv_filt9_ch20_coeff']
[3110, 9, 'layer1_conv_filt9_ch21_coeff']
[3119, 9, 'layer1_conv_filt9_ch22_coeff']
[3128, 9, 'layer1_conv_filt9_ch23_coeff']
[3137, 9, 'layer1_conv_filt9_ch24_coeff']
[3146, 9, 'layer1_conv_filt9_ch25_coeff']
[3155, 9, 'layer1_conv_filt9_ch26_coeff']
[3164, 9, 'layer1_conv_filt9_ch27_coeff']
[3173, 9, 'layer1_conv_filt9_ch28_coeff']
[3182, 9, 'layer1_conv_filt9_ch29_coeff']
[3191, 9, 'layer1_conv_filt9_ch30_coeff']
[3200, 9, 'layer1_conv_filt9_ch31_coeff']
[3209, 1, 'layer1_conv_filt9_bias']
[3210, 9, 'layer1_conv_filt10_ch0_coeff']
[3219, 9, 'layer1_conv_filt10_ch1_coeff']
[3228, 9, 'layer1_conv_filt10_ch2_coeff']
[3237, 9, 'layer1_conv_filt10_ch3_coeff']
[3246, 9, 'layer1_conv_filt10_ch4_coeff']
[3255, 9, 'layer1_conv_filt10_ch5_coeff']
[3264, 9, 'layer1_conv_filt10_ch6_coeff']
[3273, 9, 'layer1_conv_filt10_ch7_coeff']
[3282, 9, 'layer1_conv_filt10_ch8_coeff']
[3291, 9, 'layer1_conv_filt10_ch9_coeff']
[3300, 9, 'layer1_conv_filt10_ch10_coeff']
[3309, 9, 'layer1_conv_filt10_ch11_coeff']
[3318, 9, 'layer1_conv_filt10_ch12_coeff']
[3327, 9, 'layer1_conv_filt10_ch13_coeff']
[3336, 9, 'layer1_conv_filt10_ch14_coeff']
[3345, 9, 'layer1_conv_filt10_ch15_coeff']
[3354, 9, 'layer1_conv_filt10_ch16_coeff']
[3363, 9, 'layer1_conv_filt10_ch17_coeff']
[3372, 9, 'layer1_conv_filt10_ch18_coeff']
[3381, 9, 'layer1_conv_filt10_ch19_coeff']
[3390, 9, 'layer1_conv_filt10_ch20_coeff']
[3399, 9, 'layer1_conv_filt10_ch21_coeff']
[3408, 9, 'layer1_conv_filt10_ch22_coeff']
[3417, 9, 'layer1_conv_filt10_ch23_coeff']
[3426, 9, 'layer1_conv_filt10_ch24_coeff']
[3435, 9, 'layer1_conv_filt10_ch25_coeff']
[3444, 9, 'layer1_conv_filt10_ch26_coeff']
[3453, 9, 'layer1_conv_filt10_ch27_coeff']
[3462, 9, 'layer1_conv_filt10_ch28_coeff']
[3471, 9, 'layer1_conv_filt10_ch29_coeff']
[3480, 9, 'layer1_conv_filt10_ch30_coeff']
[3489, 9, 'layer1_conv_filt10_ch31_coeff']
[3498, 1, 'layer1_conv_filt10_bias']
[3499, 9, 'layer1_conv_filt11_ch0_coeff']
[3508, 9, 'layer1_conv_filt11_ch1_coeff']
[3517, 9, 'layer1_conv_filt11_ch2_coeff']
[3526, 9, 'layer1_conv_filt11_ch3_coeff']
[3535, 9, 'layer1_conv_filt11_ch4_coeff']
[3544, 9, 'layer1_conv_filt11_ch5_coeff']
[3553, 9, 'layer1_conv_filt11_ch6_coeff']
[3562, 9, 'layer1_conv_filt11_ch7_coeff']
[3571, 9, 'layer1_conv_filt11_ch8_coeff']
[3580, 9, 'layer1_conv_filt11_ch9_coeff']
[3589, 9, 'layer1_conv_filt11_ch10_coeff']
[3598, 9, 'layer1_conv_filt11_ch11_coeff']
[3607, 9, 'layer1_conv_filt11_ch12_coeff']
[3616, 9, 'layer1_conv_filt11_ch13_coeff']
[3625, 9, 'layer1_conv_filt11_ch14_coeff']
[3634, 9, 'layer1_conv_filt11_ch15_coeff']
[3643, 9, 'layer1_conv_filt11_ch16_coeff']
[3652, 9, 'layer1_conv_filt11_ch17_coeff']
[3661, 9, 'layer1_conv_filt11_ch18_coeff']
[3670, 9, 'layer1_conv_filt11_ch19_coeff']
[3679, 9, 'layer1_conv_filt11_ch20_coeff']
[3688, 9, 'layer1_conv_filt11_ch21_coeff']
[3697, 9, 'layer1_conv_filt11_ch22_coeff']
[3706, 9, 'layer1_conv_filt11_ch23_coeff']
[3715, 9, 'layer1_conv_filt11_ch24_coeff']
[3724, 9, 'layer1_conv_filt11_ch25_coeff']
[3733, 9, 'layer1_conv_filt11_ch26_coeff']
[3742, 9, 'layer1_conv_filt11_ch27_coeff']
[3751, 9, 'layer1_conv_filt11_ch28_coeff']
[3760, 9, 'layer1_conv_filt11_ch29_coeff']
[3769, 9, 'layer1_conv_filt11_ch30_coeff']
[3778, 9, 'layer1_conv_filt11_ch31_coeff']
[3787, 1, 'layer1_conv_filt11_bias']
[3788, 9, 'layer1_conv_filt12_ch0_coeff']
[3797, 9, 'layer1_conv_filt12_ch1_coeff']
[3806, 9, 'layer1_conv_filt12_ch2_coeff']
[3815, 9, 'layer1_conv_filt12_ch3_coeff']
[3824, 9, 'layer1_conv_filt12_ch4_coeff']
[3833, 9, 'layer1_conv_filt12_ch5_coeff']
[3842, 9, 'layer1_conv_filt12_ch6_coeff']
[3851, 9, 'layer1_conv_filt12_ch7_coeff']
[3860, 9, 'layer1_conv_filt12_ch8_coeff']
[3869, 9, 'layer1_conv_filt12_ch9_coeff']
[3878, 9, 'layer1_conv_filt12_ch10_coeff']
[3887, 9, 'layer1_conv_filt12_ch11_coeff']
[3896, 9, 'layer1_conv_filt12_ch12_coeff']
[3905, 9, 'layer1_conv_filt12_ch13_coeff']
[3914, 9, 'layer1_conv_filt12_ch14_coeff']
[3923, 9, 'layer1_conv_filt12_ch15_coeff']
[3932, 9, 'layer1_conv_filt12_ch16_coeff']
[3941, 9, 'layer1_conv_filt12_ch17_coeff']
[3950, 9, 'layer1_conv_filt12_ch18_coeff']
[3959, 9, 'layer1_conv_filt12_ch19_coeff']
[3968, 9, 'layer1_conv_filt12_ch20_coeff']
[3977, 9, 'layer1_conv_filt12_ch21_coeff']
[3986, 9, 'layer1_conv_filt12_ch22_coeff']
[3995, 9, 'layer1_conv_filt12_ch23_coeff']
[4004, 9, 'layer1_conv_filt12_ch24_coeff']
[4013, 9, 'layer1_conv_filt12_ch25_coeff']
[4022, 9, 'layer1_conv_filt12_ch26_coeff']
[4031, 9, 'layer1_conv_filt12_ch27_coeff']
[4040, 9, 'layer1_conv_filt12_ch28_coeff']
[4049, 9, 'layer1_conv_filt12_ch29_coeff']
[4058, 9, 'layer1_conv_filt12_ch30_coeff']
[4067, 9, 'layer1_conv_filt12_ch31_coeff']
[4076, 1, 'layer1_conv_filt12_bias']
[4077, 9, 'layer1_conv_filt13_ch0_coeff']
[4086, 9, 'layer1_conv_filt13_ch1_coeff']
[4095, 9, 'layer1_conv_filt13_ch2_coeff']
[4104, 9, 'layer1_conv_filt13_ch3_coeff']
[4113, 9, 'layer1_conv_filt13_ch4_coeff']
[4122, 9, 'layer1_conv_filt13_ch5_coeff']
[4131, 9, 'layer1_conv_filt13_ch6_coeff']
[4140, 9, 'layer1_conv_filt13_ch7_coeff']
[4149, 9, 'layer1_conv_filt13_ch8_coeff']
[4158, 9, 'layer1_conv_filt13_ch9_coeff']
[4167, 9, 'layer1_conv_filt13_ch10_coeff']
[4176, 9, 'layer1_conv_filt13_ch11_coeff']
[4185, 9, 'layer1_conv_filt13_ch12_coeff']
[4194, 9, 'layer1_conv_filt13_ch13_coeff']
[4203, 9, 'layer1_conv_filt13_ch14_coeff']
[4212, 9, 'layer1_conv_filt13_ch15_coeff']
[4221, 9, 'layer1_conv_filt13_ch16_coeff']
[4230, 9, 'layer1_conv_filt13_ch17_coeff']
[4239, 9, 'layer1_conv_filt13_ch18_coeff']
[4248, 9, 'layer1_conv_filt13_ch19_coeff']
[4257, 9, 'layer1_conv_filt13_ch20_coeff']
[4266, 9, 'layer1_conv_filt13_ch21_coeff']
[4275, 9, 'layer1_conv_filt13_ch22_coeff']
[4284, 9, 'layer1_conv_filt13_ch23_coeff']
[4293, 9, 'layer1_conv_filt13_ch24_coeff']
[4302, 9, 'layer1_conv_filt13_ch25_coeff']
[4311, 9, 'layer1_conv_filt13_ch26_coeff']
[4320, 9, 'layer1_conv_filt13_ch27_coeff']
[4329, 9, 'layer1_conv_filt13_ch28_coeff']
[4338, 9, 'layer1_conv_filt13_ch29_coeff']
[4347, 9, 'layer1_conv_filt13_ch30_coeff']
[4356, 9, 'layer1_conv_filt13_ch31_coeff']
[4365, 1, 'layer1_conv_filt13_bias']
[4366, 9, 'layer1_conv_filt14_ch0_coeff']
[4375, 9, 'layer1_conv_filt14_ch1_coeff']
[4384, 9, 'layer1_conv_filt14_ch2_coeff']
[4393, 9, 'layer1_conv_filt14_ch3_coeff']
[4402, 9, 'layer1_conv_filt14_ch4_coeff']
[4411, 9, 'layer1_conv_filt14_ch5_coeff']
[4420, 9, 'layer1_conv_filt14_ch6_coeff']
[4429, 9, 'layer1_conv_filt14_ch7_coeff']
[4438, 9, 'layer1_conv_filt14_ch8_coeff']
[4447, 9, 'layer1_conv_filt14_ch9_coeff']
[4456, 9, 'layer1_conv_filt14_ch10_coeff']
[4465, 9, 'layer1_conv_filt14_ch11_coeff']
[4474, 9, 'layer1_conv_filt14_ch12_coeff']
[4483, 9, 'layer1_conv_filt14_ch13_coeff']
[4492, 9, 'layer1_conv_filt14_ch14_coeff']
[4501, 9, 'layer1_conv_filt14_ch15_coeff']
[4510, 9, 'layer1_conv_filt14_ch16_coeff']
[4519, 9, 'layer1_conv_filt14_ch17_coeff']
[4528, 9, 'layer1_conv_filt14_ch18_coeff']
[4537, 9, 'layer1_conv_filt14_ch19_coeff']
[4546, 9, 'layer1_conv_filt14_ch20_coeff']
[4555, 9, 'layer1_conv_filt14_ch21_coeff']
[4564, 9, 'layer1_conv_filt14_ch22_coeff']
[4573, 9, 'layer1_conv_filt14_ch23_coeff']
[4582, 9, 'layer1_conv_filt14_ch24_coeff']
[4591, 9, 'layer1_conv_filt14_ch25_coeff']
[4600, 9, 'layer1_conv_filt14_ch26_coeff']
[4609, 9, 'layer1_conv_filt14_ch27_coeff']
[4618, 9, 'layer1_conv_filt14_ch28_coeff']
[4627, 9, 'layer1_conv_filt14_ch29_coeff']
[4636, 9, 'layer1_conv_filt14_ch30_coeff']
[4645, 9, 'layer1_conv_filt14_ch31_coeff']
[4654, 1, 'layer1_conv_filt14_bias']
[4655, 9, 'layer1_conv_filt15_ch0_coeff']
[4664, 9, 'layer1_conv_filt15_ch1_coeff']
[4673, 9, 'layer1_conv_filt15_ch2_coeff']
[4682, 9, 'layer1_conv_filt15_ch3_coeff']
[4691, 9, 'layer1_conv_filt15_ch4_coeff']
[4700, 9, 'layer1_conv_filt15_ch5_coeff']
[4709, 9, 'layer1_conv_filt15_ch6_coeff']
[4718, 9, 'layer1_conv_filt15_ch7_coeff']
[4727, 9, 'layer1_conv_filt15_ch8_coeff']
[4736, 9, 'layer1_conv_filt15_ch9_coeff']
[4745, 9, 'layer1_conv_filt15_ch10_coeff']
[4754, 9, 'layer1_conv_filt15_ch11_coeff']
[4763, 9, 'layer1_conv_filt15_ch12_coeff']
[4772, 9, 'layer1_conv_filt15_ch13_coeff']
[4781, 9, 'layer1_conv_filt15_ch14_coeff']
[4790, 9, 'layer1_conv_filt15_ch15_coeff']
[4799, 9, 'layer1_conv_filt15_ch16_coeff']
[4808, 9, 'layer1_conv_filt15_ch17_coeff']
[4817, 9, 'layer1_conv_filt15_ch18_coeff']
[4826, 9, 'layer1_conv_filt15_ch19_coeff']
[4835, 9, 'layer1_conv_filt15_ch20_coeff']
[4844, 9, 'layer1_conv_filt15_ch21_coeff']
[4853, 9, 'layer1_conv_filt15_ch22_coeff']
[4862, 9, 'layer1_conv_filt15_ch23_coeff']
[4871, 9, 'layer1_conv_filt15_ch24_coeff']
[4880, 9, 'layer1_conv_filt15_ch25_coeff']
[4889, 9, 'layer1_conv_filt15_ch26_coeff']
[4898, 9, 'layer1_conv_filt15_ch27_coeff']
[4907, 9, 'layer1_conv_filt15_ch28_coeff']
[4916, 9, 'layer1_conv_filt15_ch29_coeff']
[4925, 9, 'layer1_conv_filt15_ch30_coeff']
[4934, 9, 'layer1_conv_filt15_ch31_coeff']
[4943, 1, 'layer1_conv_filt15_bias']
[4944, 9, 'layer1_conv_filt16_ch0_coeff']
[4953, 9, 'layer1_conv_filt16_ch1_coeff']
[4962, 9, 'layer1_conv_filt16_ch2_coeff']
[4971, 9, 'layer1_conv_filt16_ch3_coeff']
[4980, 9, 'layer1_conv_filt16_ch4_coeff']
[4989, 9, 'layer1_conv_filt16_ch5_coeff']
[4998, 9, 'layer1_conv_filt16_ch6_coeff']
[5007, 9, 'layer1_conv_filt16_ch7_coeff']
[5016, 9, 'layer1_conv_filt16_ch8_coeff']
[5025, 9, 'layer1_conv_filt16_ch9_coeff']
[5034, 9, 'layer1_conv_filt16_ch10_coeff']
[5043, 9, 'layer1_conv_filt16_ch11_coeff']
[5052, 9, 'layer1_conv_filt16_ch12_coeff']
[5061, 9, 'layer1_conv_filt16_ch13_coeff']
[5070, 9, 'layer1_conv_filt16_ch14_coeff']
[5079, 9, 'layer1_conv_filt16_ch15_coeff']
[5088, 9, 'layer1_conv_filt16_ch16_coeff']
[5097, 9, 'layer1_conv_filt16_ch17_coeff']
[5106, 9, 'layer1_conv_filt16_ch18_coeff']
[5115, 9, 'layer1_conv_filt16_ch19_coeff']
[5124, 9, 'layer1_conv_filt16_ch20_coeff']
[5133, 9, 'layer1_conv_filt16_ch21_coeff']
[5142, 9, 'layer1_conv_filt16_ch22_coeff']
[5151, 9, 'layer1_conv_filt16_ch23_coeff']
[5160, 9, 'layer1_conv_filt16_ch24_coeff']
[5169, 9, 'layer1_conv_filt16_ch25_coeff']
[5178, 9, 'layer1_conv_filt16_ch26_coeff']
[5187, 9, 'layer1_conv_filt16_ch27_coeff']
[5196, 9, 'layer1_conv_filt16_ch28_coeff']
[5205, 9, 'layer1_conv_filt16_ch29_coeff']
[5214, 9, 'layer1_conv_filt16_ch30_coeff']
[5223, 9, 'layer1_conv_filt16_ch31_coeff']
[5232, 1, 'layer1_conv_filt16_bias']
[5233, 9, 'layer1_conv_filt17_ch0_coeff']
[5242, 9, 'layer1_conv_filt17_ch1_coeff']
[5251, 9, 'layer1_conv_filt17_ch2_coeff']
[5260, 9, 'layer1_conv_filt17_ch3_coeff']
[5269, 9, 'layer1_conv_filt17_ch4_coeff']
[5278, 9, 'layer1_conv_filt17_ch5_coeff']
[5287, 9, 'layer1_conv_filt17_ch6_coeff']
[5296, 9, 'layer1_conv_filt17_ch7_coeff']
[5305, 9, 'layer1_conv_filt17_ch8_coeff']
[5314, 9, 'layer1_conv_filt17_ch9_coeff']
[5323, 9, 'layer1_conv_filt17_ch10_coeff']
[5332, 9, 'layer1_conv_filt17_ch11_coeff']
[5341, 9, 'layer1_conv_filt17_ch12_coeff']
[5350, 9, 'layer1_conv_filt17_ch13_coeff']
[5359, 9, 'layer1_conv_filt17_ch14_coeff']
[5368, 9, 'layer1_conv_filt17_ch15_coeff']
[5377, 9, 'layer1_conv_filt17_ch16_coeff']
[5386, 9, 'layer1_conv_filt17_ch17_coeff']
[5395, 9, 'layer1_conv_filt17_ch18_coeff']
[5404, 9, 'layer1_conv_filt17_ch19_coeff']
[5413, 9, 'layer1_conv_filt17_ch20_coeff']
[5422, 9, 'layer1_conv_filt17_ch21_coeff']
[5431, 9, 'layer1_conv_filt17_ch22_coeff']
[5440, 9, 'layer1_conv_filt17_ch23_coeff']
[5449, 9, 'layer1_conv_filt17_ch24_coeff']
[5458, 9, 'layer1_conv_filt17_ch25_coeff']
[5467, 9, 'layer1_conv_filt17_ch26_coeff']
[5476, 9, 'layer1_conv_filt17_ch27_coeff']
[5485, 9, 'layer1_conv_filt17_ch28_coeff']
[5494, 9, 'layer1_conv_filt17_ch29_coeff']
[5503, 9, 'layer1_conv_filt17_ch30_coeff']
[5512, 9, 'layer1_conv_filt17_ch31_coeff']
[5521, 1, 'layer1_conv_filt17_bias']
[5522, 9, 'layer1_conv_filt18_ch0_coeff']
[5531, 9, 'layer1_conv_filt18_ch1_coeff']
[5540, 9, 'layer1_conv_filt18_ch2_coeff']
[5549, 9, 'layer1_conv_filt18_ch3_coeff']
[5558, 9, 'layer1_conv_filt18_ch4_coeff']
[5567, 9, 'layer1_conv_filt18_ch5_coeff']
[5576, 9, 'layer1_conv_filt18_ch6_coeff']
[5585, 9, 'layer1_conv_filt18_ch7_coeff']
[5594, 9, 'layer1_conv_filt18_ch8_coeff']
[5603, 9, 'layer1_conv_filt18_ch9_coeff']
[5612, 9, 'layer1_conv_filt18_ch10_coeff']
[5621, 9, 'layer1_conv_filt18_ch11_coeff']
[5630, 9, 'layer1_conv_filt18_ch12_coeff']
[5639, 9, 'layer1_conv_filt18_ch13_coeff']
[5648, 9, 'layer1_conv_filt18_ch14_coeff']
[5657, 9, 'layer1_conv_filt18_ch15_coeff']
[5666, 9, 'layer1_conv_filt18_ch16_coeff']
[5675, 9, 'layer1_conv_filt18_ch17_coeff']
[5684, 9, 'layer1_conv_filt18_ch18_coeff']
[5693, 9, 'layer1_conv_filt18_ch19_coeff']
[5702, 9, 'layer1_conv_filt18_ch20_coeff']
[5711, 9, 'layer1_conv_filt18_ch21_coeff']
[5720, 9, 'layer1_conv_filt18_ch22_coeff']
[5729, 9, 'layer1_conv_filt18_ch23_coeff']
[5738, 9, 'layer1_conv_filt18_ch24_coeff']
[5747, 9, 'layer1_conv_filt18_ch25_coeff']
[5756, 9, 'layer1_conv_filt18_ch26_coeff']
[5765, 9, 'layer1_conv_filt18_ch27_coeff']
[5774, 9, 'layer1_conv_filt18_ch28_coeff']
[5783, 9, 'layer1_conv_filt18_ch29_coeff']
[5792, 9, 'layer1_conv_filt18_ch30_coeff']
[5801, 9, 'layer1_conv_filt18_ch31_coeff']
[5810, 1, 'layer1_conv_filt18_bias']
[5811, 9, 'layer1_conv_filt19_ch0_coeff']
[5820, 9, 'layer1_conv_filt19_ch1_coeff']
[5829, 9, 'layer1_conv_filt19_ch2_coeff']
[5838, 9, 'layer1_conv_filt19_ch3_coeff']
[5847, 9, 'layer1_conv_filt19_ch4_coeff']
[5856, 9, 'layer1_conv_filt19_ch5_coeff']
[5865, 9, 'layer1_conv_filt19_ch6_coeff']
[5874, 9, 'layer1_conv_filt19_ch7_coeff']
[5883, 9, 'layer1_conv_filt19_ch8_coeff']
[5892, 9, 'layer1_conv_filt19_ch9_coeff']
[5901, 9, 'layer1_conv_filt19_ch10_coeff']
[5910, 9, 'layer1_conv_filt19_ch11_coeff']
[5919, 9, 'layer1_conv_filt19_ch12_coeff']
[5928, 9, 'layer1_conv_filt19_ch13_coeff']
[5937, 9, 'layer1_conv_filt19_ch14_coeff']
[5946, 9, 'layer1_conv_filt19_ch15_coeff']
[5955, 9, 'layer1_conv_filt19_ch16_coeff']
[5964, 9, 'layer1_conv_filt19_ch17_coeff']
[5973, 9, 'layer1_conv_filt19_ch18_coeff']
[5982, 9, 'layer1_conv_filt19_ch19_coeff']
[5991, 9, 'layer1_conv_filt19_ch20_coeff']
[6000, 9, 'layer1_conv_filt19_ch21_coeff']
[6009, 9, 'layer1_conv_filt19_ch22_coeff']
[6018, 9, 'layer1_conv_filt19_ch23_coeff']
[6027, 9, 'layer1_conv_filt19_ch24_coeff']
[6036, 9, 'layer1_conv_filt19_ch25_coeff']
[6045, 9, 'layer1_conv_filt19_ch26_coeff']
[6054, 9, 'layer1_conv_filt19_ch27_coeff']
[6063, 9, 'layer1_conv_filt19_ch28_coeff']
[6072, 9, 'layer1_conv_filt19_ch29_coeff']
[6081, 9, 'layer1_conv_filt19_ch30_coeff']
[6090, 9, 'layer1_conv_filt19_ch31_coeff']
[6099, 1, 'layer1_conv_filt19_bias']
[6100, 9, 'layer1_conv_filt20_ch0_coeff']
[6109, 9, 'layer1_conv_filt20_ch1_coeff']
[6118, 9, 'layer1_conv_filt20_ch2_coeff']
[6127, 9, 'layer1_conv_filt20_ch3_coeff']
[6136, 9, 'layer1_conv_filt20_ch4_coeff']
[6145, 9, 'layer1_conv_filt20_ch5_coeff']
[6154, 9, 'layer1_conv_filt20_ch6_coeff']
[6163, 9, 'layer1_conv_filt20_ch7_coeff']
[6172, 9, 'layer1_conv_filt20_ch8_coeff']
[6181, 9, 'layer1_conv_filt20_ch9_coeff']
[6190, 9, 'layer1_conv_filt20_ch10_coeff']
[6199, 9, 'layer1_conv_filt20_ch11_coeff']
[6208, 9, 'layer1_conv_filt20_ch12_coeff']
[6217, 9, 'layer1_conv_filt20_ch13_coeff']
[6226, 9, 'layer1_conv_filt20_ch14_coeff']
[6235, 9, 'layer1_conv_filt20_ch15_coeff']
[6244, 9, 'layer1_conv_filt20_ch16_coeff']
[6253, 9, 'layer1_conv_filt20_ch17_coeff']
[6262, 9, 'layer1_conv_filt20_ch18_coeff']
[6271, 9, 'layer1_conv_filt20_ch19_coeff']
[6280, 9, 'layer1_conv_filt20_ch20_coeff']
[6289, 9, 'layer1_conv_filt20_ch21_coeff']
[6298, 9, 'layer1_conv_filt20_ch22_coeff']
[6307, 9, 'layer1_conv_filt20_ch23_coeff']
[6316, 9, 'layer1_conv_filt20_ch24_coeff']
[6325, 9, 'layer1_conv_filt20_ch25_coeff']
[6334, 9, 'layer1_conv_filt20_ch26_coeff']
[6343, 9, 'layer1_conv_filt20_ch27_coeff']
[6352, 9, 'layer1_conv_filt20_ch28_coeff']
[6361, 9, 'layer1_conv_filt20_ch29_coeff']
[6370, 9, 'layer1_conv_filt20_ch30_coeff']
[6379, 9, 'layer1_conv_filt20_ch31_coeff']
[6388, 1, 'layer1_conv_filt20_bias']
[6389, 9, 'layer1_conv_filt21_ch0_coeff']
[6398, 9, 'layer1_conv_filt21_ch1_coeff']
[6407, 9, 'layer1_conv_filt21_ch2_coeff']
[6416, 9, 'layer1_conv_filt21_ch3_coeff']
[6425, 9, 'layer1_conv_filt21_ch4_coeff']
[6434, 9, 'layer1_conv_filt21_ch5_coeff']
[6443, 9, 'layer1_conv_filt21_ch6_coeff']
[6452, 9, 'layer1_conv_filt21_ch7_coeff']
[6461, 9, 'layer1_conv_filt21_ch8_coeff']
[6470, 9, 'layer1_conv_filt21_ch9_coeff']
[6479, 9, 'layer1_conv_filt21_ch10_coeff']
[6488, 9, 'layer1_conv_filt21_ch11_coeff']
[6497, 9, 'layer1_conv_filt21_ch12_coeff']
[6506, 9, 'layer1_conv_filt21_ch13_coeff']
[6515, 9, 'layer1_conv_filt21_ch14_coeff']
[6524, 9, 'layer1_conv_filt21_ch15_coeff']
[6533, 9, 'layer1_conv_filt21_ch16_coeff']
[6542, 9, 'layer1_conv_filt21_ch17_coeff']
[6551, 9, 'layer1_conv_filt21_ch18_coeff']
[6560, 9, 'layer1_conv_filt21_ch19_coeff']
[6569, 9, 'layer1_conv_filt21_ch20_coeff']
[6578, 9, 'layer1_conv_filt21_ch21_coeff']
[6587, 9, 'layer1_conv_filt21_ch22_coeff']
[6596, 9, 'layer1_conv_filt21_ch23_coeff']
[6605, 9, 'layer1_conv_filt21_ch24_coeff']
[6614, 9, 'layer1_conv_filt21_ch25_coeff']
[6623, 9, 'layer1_conv_filt21_ch26_coeff']
[6632, 9, 'layer1_conv_filt21_ch27_coeff']
[6641, 9, 'layer1_conv_filt21_ch28_coeff']
[6650, 9, 'layer1_conv_filt21_ch29_coeff']
[6659, 9, 'layer1_conv_filt21_ch30_coeff']
[6668, 9, 'layer1_conv_filt21_ch31_coeff']
[6677, 1, 'layer1_conv_filt21_bias']
[6678, 9, 'layer1_conv_filt22_ch0_coeff']
[6687, 9, 'layer1_conv_filt22_ch1_coeff']
[6696, 9, 'layer1_conv_filt22_ch2_coeff']
[6705, 9, 'layer1_conv_filt22_ch3_coeff']
[6714, 9, 'layer1_conv_filt22_ch4_coeff']
[6723, 9, 'layer1_conv_filt22_ch5_coeff']
[6732, 9, 'layer1_conv_filt22_ch6_coeff']
[6741, 9, 'layer1_conv_filt22_ch7_coeff']
[6750, 9, 'layer1_conv_filt22_ch8_coeff']
[6759, 9, 'layer1_conv_filt22_ch9_coeff']
[6768, 9, 'layer1_conv_filt22_ch10_coeff']
[6777, 9, 'layer1_conv_filt22_ch11_coeff']
[6786, 9, 'layer1_conv_filt22_ch12_coeff']
[6795, 9, 'layer1_conv_filt22_ch13_coeff']
[6804, 9, 'layer1_conv_filt22_ch14_coeff']
[6813, 9, 'layer1_conv_filt22_ch15_coeff']
[6822, 9, 'layer1_conv_filt22_ch16_coeff']
[6831, 9, 'layer1_conv_filt22_ch17_coeff']
[6840, 9, 'layer1_conv_filt22_ch18_coeff']
[6849, 9, 'layer1_conv_filt22_ch19_coeff']
[6858, 9, 'layer1_conv_filt22_ch20_coeff']
[6867, 9, 'layer1_conv_filt22_ch21_coeff']
[6876, 9, 'layer1_conv_filt22_ch22_coeff']
[6885, 9, 'layer1_conv_filt22_ch23_coeff']
[6894, 9, 'layer1_conv_filt22_ch24_coeff']
[6903, 9, 'layer1_conv_filt22_ch25_coeff']
[6912, 9, 'layer1_conv_filt22_ch26_coeff']
[6921, 9, 'layer1_conv_filt22_ch27_coeff']
[6930, 9, 'layer1_conv_filt22_ch28_coeff']
[6939, 9, 'layer1_conv_filt22_ch29_coeff']
[6948, 9, 'layer1_conv_filt22_ch30_coeff']
[6957, 9, 'layer1_conv_filt22_ch31_coeff']
[6966, 1, 'layer1_conv_filt22_bias']
[6967, 9, 'layer1_conv_filt23_ch0_coeff']
[6976, 9, 'layer1_conv_filt23_ch1_coeff']
[6985, 9, 'layer1_conv_filt23_ch2_coeff']
[6994, 9, 'layer1_conv_filt23_ch3_coeff']
[7003, 9, 'layer1_conv_filt23_ch4_coeff']
[7012, 9, 'layer1_conv_filt23_ch5_coeff']
[7021, 9, 'layer1_conv_filt23_ch6_coeff']
[7030, 9, 'layer1_conv_filt23_ch7_coeff']
[7039, 9, 'layer1_conv_filt23_ch8_coeff']
[7048, 9, 'layer1_conv_filt23_ch9_coeff']
[7057, 9, 'layer1_conv_filt23_ch10_coeff']
[7066, 9, 'layer1_conv_filt23_ch11_coeff']
[7075, 9, 'layer1_conv_filt23_ch12_coeff']
[7084, 9, 'layer1_conv_filt23_ch13_coeff']
[7093, 9, 'layer1_conv_filt23_ch14_coeff']
[7102, 9, 'layer1_conv_filt23_ch15_coeff']
[7111, 9, 'layer1_conv_filt23_ch16_coeff']
[7120, 9, 'layer1_conv_filt23_ch17_coeff']
[7129, 9, 'layer1_conv_filt23_ch18_coeff']
[7138, 9, 'layer1_conv_filt23_ch19_coeff']
[7147, 9, 'layer1_conv_filt23_ch20_coeff']
[7156, 9, 'layer1_conv_filt23_ch21_coeff']
[7165, 9, 'layer1_conv_filt23_ch22_coeff']
[7174, 9, 'layer1_conv_filt23_ch23_coeff']
[7183, 9, 'layer1_conv_filt23_ch24_coeff']
[7192, 9, 'layer1_conv_filt23_ch25_coeff']
[7201, 9, 'layer1_conv_filt23_ch26_coeff']
[7210, 9, 'layer1_conv_filt23_ch27_coeff']
[7219, 9, 'layer1_conv_filt23_ch28_coeff']
[7228, 9, 'layer1_conv_filt23_ch29_coeff']
[7237, 9, 'layer1_conv_filt23_ch30_coeff']
[7246, 9, 'layer1_conv_filt23_ch31_coeff']
[7255, 1, 'layer1_conv_filt23_bias']
[7256, 9, 'layer1_conv_filt24_ch0_coeff']
[7265, 9, 'layer1_conv_filt24_ch1_coeff']
[7274, 9, 'layer1_conv_filt24_ch2_coeff']
[7283, 9, 'layer1_conv_filt24_ch3_coeff']
[7292, 9, 'layer1_conv_filt24_ch4_coeff']
[7301, 9, 'layer1_conv_filt24_ch5_coeff']
[7310, 9, 'layer1_conv_filt24_ch6_coeff']
[7319, 9, 'layer1_conv_filt24_ch7_coeff']
[7328, 9, 'layer1_conv_filt24_ch8_coeff']
[7337, 9, 'layer1_conv_filt24_ch9_coeff']
[7346, 9, 'layer1_conv_filt24_ch10_coeff']
[7355, 9, 'layer1_conv_filt24_ch11_coeff']
[7364, 9, 'layer1_conv_filt24_ch12_coeff']
[7373, 9, 'layer1_conv_filt24_ch13_coeff']
[7382, 9, 'layer1_conv_filt24_ch14_coeff']
[7391, 9, 'layer1_conv_filt24_ch15_coeff']
[7400, 9, 'layer1_conv_filt24_ch16_coeff']
[7409, 9, 'layer1_conv_filt24_ch17_coeff']
[7418, 9, 'layer1_conv_filt24_ch18_coeff']
[7427, 9, 'layer1_conv_filt24_ch19_coeff']
[7436, 9, 'layer1_conv_filt24_ch20_coeff']
[7445, 9, 'layer1_conv_filt24_ch21_coeff']
[7454, 9, 'layer1_conv_filt24_ch22_coeff']
[7463, 9, 'layer1_conv_filt24_ch23_coeff']
[7472, 9, 'layer1_conv_filt24_ch24_coeff']
[7481, 9, 'layer1_conv_filt24_ch25_coeff']
[7490, 9, 'layer1_conv_filt24_ch26_coeff']
[7499, 9, 'layer1_conv_filt24_ch27_coeff']
[7508, 9, 'layer1_conv_filt24_ch28_coeff']
[7517, 9, 'layer1_conv_filt24_ch29_coeff']
[7526, 9, 'layer1_conv_filt24_ch30_coeff']
[7535, 9, 'layer1_conv_filt24_ch31_coeff']
[7544, 1, 'layer1_conv_filt24_bias']
[7545, 9, 'layer1_conv_filt25_ch0_coeff']
[7554, 9, 'layer1_conv_filt25_ch1_coeff']
[7563, 9, 'layer1_conv_filt25_ch2_coeff']
[7572, 9, 'layer1_conv_filt25_ch3_coeff']
[7581, 9, 'layer1_conv_filt25_ch4_coeff']
[7590, 9, 'layer1_conv_filt25_ch5_coeff']
[7599, 9, 'layer1_conv_filt25_ch6_coeff']
[7608, 9, 'layer1_conv_filt25_ch7_coeff']
[7617, 9, 'layer1_conv_filt25_ch8_coeff']
[7626, 9, 'layer1_conv_filt25_ch9_coeff']
[7635, 9, 'layer1_conv_filt25_ch10_coeff']
[7644, 9, 'layer1_conv_filt25_ch11_coeff']
[7653, 9, 'layer1_conv_filt25_ch12_coeff']
[7662, 9, 'layer1_conv_filt25_ch13_coeff']
[7671, 9, 'layer1_conv_filt25_ch14_coeff']
[7680, 9, 'layer1_conv_filt25_ch15_coeff']
[7689, 9, 'layer1_conv_filt25_ch16_coeff']
[7698, 9, 'layer1_conv_filt25_ch17_coeff']
[7707, 9, 'layer1_conv_filt25_ch18_coeff']
[7716, 9, 'layer1_conv_filt25_ch19_coeff']
[7725, 9, 'layer1_conv_filt25_ch20_coeff']
[7734, 9, 'layer1_conv_filt25_ch21_coeff']
[7743, 9, 'layer1_conv_filt25_ch22_coeff']
[7752, 9, 'layer1_conv_filt25_ch23_coeff']
[7761, 9, 'layer1_conv_filt25_ch24_coeff']
[7770, 9, 'layer1_conv_filt25_ch25_coeff']
[7779, 9, 'layer1_conv_filt25_ch26_coeff']
[7788, 9, 'layer1_conv_filt25_ch27_coeff']
[7797, 9, 'layer1_conv_filt25_ch28_coeff']
[7806, 9, 'layer1_conv_filt25_ch29_coeff']
[7815, 9, 'layer1_conv_filt25_ch30_coeff']
[7824, 9, 'layer1_conv_filt25_ch31_coeff']
[7833, 1, 'layer1_conv_filt25_bias']
[7834, 9, 'layer1_conv_filt26_ch0_coeff']
[7843, 9, 'layer1_conv_filt26_ch1_coeff']
[7852, 9, 'layer1_conv_filt26_ch2_coeff']
[7861, 9, 'layer1_conv_filt26_ch3_coeff']
[7870, 9, 'layer1_conv_filt26_ch4_coeff']
[7879, 9, 'layer1_conv_filt26_ch5_coeff']
[7888, 9, 'layer1_conv_filt26_ch6_coeff']
[7897, 9, 'layer1_conv_filt26_ch7_coeff']
[7906, 9, 'layer1_conv_filt26_ch8_coeff']
[7915, 9, 'layer1_conv_filt26_ch9_coeff']
[7924, 9, 'layer1_conv_filt26_ch10_coeff']
[7933, 9, 'layer1_conv_filt26_ch11_coeff']
[7942, 9, 'layer1_conv_filt26_ch12_coeff']
[7951, 9, 'layer1_conv_filt26_ch13_coeff']
[7960, 9, 'layer1_conv_filt26_ch14_coeff']
[7969, 9, 'layer1_conv_filt26_ch15_coeff']
[7978, 9, 'layer1_conv_filt26_ch16_coeff']
[7987, 9, 'layer1_conv_filt26_ch17_coeff']
[7996, 9, 'layer1_conv_filt26_ch18_coeff']
[8005, 9, 'layer1_conv_filt26_ch19_coeff']
[8014, 9, 'layer1_conv_filt26_ch20_coeff']
[8023, 9, 'layer1_conv_filt26_ch21_coeff']
[8032, 9, 'layer1_conv_filt26_ch22_coeff']
[8041, 9, 'layer1_conv_filt26_ch23_coeff']
[8050, 9, 'layer1_conv_filt26_ch24_coeff']
[8059, 9, 'layer1_conv_filt26_ch25_coeff']
[8068, 9, 'layer1_conv_filt26_ch26_coeff']
[8077, 9, 'layer1_conv_filt26_ch27_coeff']
[8086, 9, 'layer1_conv_filt26_ch28_coeff']
[8095, 9, 'layer1_conv_filt26_ch29_coeff']
[8104, 9, 'layer1_conv_filt26_ch30_coeff']
[8113, 9, 'layer1_conv_filt26_ch31_coeff']
[8122, 1, 'layer1_conv_filt26_bias']
[8123, 9, 'layer1_conv_filt27_ch0_coeff']
[8132, 9, 'layer1_conv_filt27_ch1_coeff']
[8141, 9, 'layer1_conv_filt27_ch2_coeff']
[8150, 9, 'layer1_conv_filt27_ch3_coeff']
[8159, 9, 'layer1_conv_filt27_ch4_coeff']
[8168, 9, 'layer1_conv_filt27_ch5_coeff']
[8177, 9, 'layer1_conv_filt27_ch6_coeff']
[8186, 9, 'layer1_conv_filt27_ch7_coeff']
[8195, 9, 'layer1_conv_filt27_ch8_coeff']
[8204, 9, 'layer1_conv_filt27_ch9_coeff']
[8213, 9, 'layer1_conv_filt27_ch10_coeff']
[8222, 9, 'layer1_conv_filt27_ch11_coeff']
[8231, 9, 'layer1_conv_filt27_ch12_coeff']
[8240, 9, 'layer1_conv_filt27_ch13_coeff']
[8249, 9, 'layer1_conv_filt27_ch14_coeff']
[8258, 9, 'layer1_conv_filt27_ch15_coeff']
[8267, 9, 'layer1_conv_filt27_ch16_coeff']
[8276, 9, 'layer1_conv_filt27_ch17_coeff']
[8285, 9, 'layer1_conv_filt27_ch18_coeff']
[8294, 9, 'layer1_conv_filt27_ch19_coeff']
[8303, 9, 'layer1_conv_filt27_ch20_coeff']
[8312, 9, 'layer1_conv_filt27_ch21_coeff']
[8321, 9, 'layer1_conv_filt27_ch22_coeff']
[8330, 9, 'layer1_conv_filt27_ch23_coeff']
[8339, 9, 'layer1_conv_filt27_ch24_coeff']
[8348, 9, 'layer1_conv_filt27_ch25_coeff']
[8357, 9, 'layer1_conv_filt27_ch26_coeff']
[8366, 9, 'layer1_conv_filt27_ch27_coeff']
[8375, 9, 'layer1_conv_filt27_ch28_coeff']
[8384, 9, 'layer1_conv_filt27_ch29_coeff']
[8393, 9, 'layer1_conv_filt27_ch30_coeff']
[8402, 9, 'layer1_conv_filt27_ch31_coeff']
[8411, 1, 'layer1_conv_filt27_bias']
[8412, 9, 'layer1_conv_filt28_ch0_coeff']
[8421, 9, 'layer1_conv_filt28_ch1_coeff']
[8430, 9, 'layer1_conv_filt28_ch2_coeff']
[8439, 9, 'layer1_conv_filt28_ch3_coeff']
[8448, 9, 'layer1_conv_filt28_ch4_coeff']
[8457, 9, 'layer1_conv_filt28_ch5_coeff']
[8466, 9, 'layer1_conv_filt28_ch6_coeff']
[8475, 9, 'layer1_conv_filt28_ch7_coeff']
[8484, 9, 'layer1_conv_filt28_ch8_coeff']
[8493, 9, 'layer1_conv_filt28_ch9_coeff']
[8502, 9, 'layer1_conv_filt28_ch10_coeff']
[8511, 9, 'layer1_conv_filt28_ch11_coeff']
[8520, 9, 'layer1_conv_filt28_ch12_coeff']
[8529, 9, 'layer1_conv_filt28_ch13_coeff']
[8538, 9, 'layer1_conv_filt28_ch14_coeff']
[8547, 9, 'layer1_conv_filt28_ch15_coeff']
[8556, 9, 'layer1_conv_filt28_ch16_coeff']
[8565, 9, 'layer1_conv_filt28_ch17_coeff']
[8574, 9, 'layer1_conv_filt28_ch18_coeff']
[8583, 9, 'layer1_conv_filt28_ch19_coeff']
[8592, 9, 'layer1_conv_filt28_ch20_coeff']
[8601, 9, 'layer1_conv_filt28_ch21_coeff']
[8610, 9, 'layer1_conv_filt28_ch22_coeff']
[8619, 9, 'layer1_conv_filt28_ch23_coeff']
[8628, 9, 'layer1_conv_filt28_ch24_coeff']
[8637, 9, 'layer1_conv_filt28_ch25_coeff']
[8646, 9, 'layer1_conv_filt28_ch26_coeff']
[8655, 9, 'layer1_conv_filt28_ch27_coeff']
[8664, 9, 'layer1_conv_filt28_ch28_coeff']
[8673, 9, 'layer1_conv_filt28_ch29_coeff']
[8682, 9, 'layer1_conv_filt28_ch30_coeff']
[8691, 9, 'layer1_conv_filt28_ch31_coeff']
[8700, 1, 'layer1_conv_filt28_bias']
[8701, 9, 'layer1_conv_filt29_ch0_coeff']
[8710, 9, 'layer1_conv_filt29_ch1_coeff']
[8719, 9, 'layer1_conv_filt29_ch2_coeff']
[8728, 9, 'layer1_conv_filt29_ch3_coeff']
[8737, 9, 'layer1_conv_filt29_ch4_coeff']
[8746, 9, 'layer1_conv_filt29_ch5_coeff']
[8755, 9, 'layer1_conv_filt29_ch6_coeff']
[8764, 9, 'layer1_conv_filt29_ch7_coeff']
[8773, 9, 'layer1_conv_filt29_ch8_coeff']
[8782, 9, 'layer1_conv_filt29_ch9_coeff']
[8791, 9, 'layer1_conv_filt29_ch10_coeff']
[8800, 9, 'layer1_conv_filt29_ch11_coeff']
[8809, 9, 'layer1_conv_filt29_ch12_coeff']
[8818, 9, 'layer1_conv_filt29_ch13_coeff']
[8827, 9, 'layer1_conv_filt29_ch14_coeff']
[8836, 9, 'layer1_conv_filt29_ch15_coeff']
[8845, 9, 'layer1_conv_filt29_ch16_coeff']
[8854, 9, 'layer1_conv_filt29_ch17_coeff']
[8863, 9, 'layer1_conv_filt29_ch18_coeff']
[8872, 9, 'layer1_conv_filt29_ch19_coeff']
[8881, 9, 'layer1_conv_filt29_ch20_coeff']
[8890, 9, 'layer1_conv_filt29_ch21_coeff']
[8899, 9, 'layer1_conv_filt29_ch22_coeff']
[8908, 9, 'layer1_conv_filt29_ch23_coeff']
[8917, 9, 'layer1_conv_filt29_ch24_coeff']
[8926, 9, 'layer1_conv_filt29_ch25_coeff']
[8935, 9, 'layer1_conv_filt29_ch26_coeff']
[8944, 9, 'layer1_conv_filt29_ch27_coeff']
[8953, 9, 'layer1_conv_filt29_ch28_coeff']
[8962, 9, 'layer1_conv_filt29_ch29_coeff']
[8971, 9, 'layer1_conv_filt29_ch30_coeff']
[8980, 9, 'layer1_conv_filt29_ch31_coeff']
[8989, 1, 'layer1_conv_filt29_bias']
[8990, 9, 'layer1_conv_filt30_ch0_coeff']
[8999, 9, 'layer1_conv_filt30_ch1_coeff']
[9008, 9, 'layer1_conv_filt30_ch2_coeff']
[9017, 9, 'layer1_conv_filt30_ch3_coeff']
[9026, 9, 'layer1_conv_filt30_ch4_coeff']
[9035, 9, 'layer1_conv_filt30_ch5_coeff']
[9044, 9, 'layer1_conv_filt30_ch6_coeff']
[9053, 9, 'layer1_conv_filt30_ch7_coeff']
[9062, 9, 'layer1_conv_filt30_ch8_coeff']
[9071, 9, 'layer1_conv_filt30_ch9_coeff']
[9080, 9, 'layer1_conv_filt30_ch10_coeff']
[9089, 9, 'layer1_conv_filt30_ch11_coeff']
[9098, 9, 'layer1_conv_filt30_ch12_coeff']
[9107, 9, 'layer1_conv_filt30_ch13_coeff']
[9116, 9, 'layer1_conv_filt30_ch14_coeff']
[9125, 9, 'layer1_conv_filt30_ch15_coeff']
[9134, 9, 'layer1_conv_filt30_ch16_coeff']
[9143, 9, 'layer1_conv_filt30_ch17_coeff']
[9152, 9, 'layer1_conv_filt30_ch18_coeff']
[9161, 9, 'layer1_conv_filt30_ch19_coeff']
[9170, 9, 'layer1_conv_filt30_ch20_coeff']
[9179, 9, 'layer1_conv_filt30_ch21_coeff']
[9188, 9, 'layer1_conv_filt30_ch22_coeff']
[9197, 9, 'layer1_conv_filt30_ch23_coeff']
[9206, 9, 'layer1_conv_filt30_ch24_coeff']
[9215, 9, 'layer1_conv_filt30_ch25_coeff']
[9224, 9, 'layer1_conv_filt30_ch26_coeff']
[9233, 9, 'layer1_conv_filt30_ch27_coeff']
[9242, 9, 'layer1_conv_filt30_ch28_coeff']
[9251, 9, 'layer1_conv_filt30_ch29_coeff']
[9260, 9, 'layer1_conv_filt30_ch30_coeff']
[9269, 9, 'layer1_conv_filt30_ch31_coeff']
[9278, 1, 'layer1_conv_filt30_bias']
[9279, 9, 'layer1_conv_filt31_ch0_coeff']
[9288, 9, 'layer1_conv_filt31_ch1_coeff']
[9297, 9, 'layer1_conv_filt31_ch2_coeff']
[9306, 9, 'layer1_conv_filt31_ch3_coeff']
[9315, 9, 'layer1_conv_filt31_ch4_coeff']
[9324, 9, 'layer1_conv_filt31_ch5_coeff']
[9333, 9, 'layer1_conv_filt31_ch6_coeff']
[9342, 9, 'layer1_conv_filt31_ch7_coeff']
[9351, 9, 'layer1_conv_filt31_ch8_coeff']
[9360, 9, 'layer1_conv_filt31_ch9_coeff']
[9369, 9, 'layer1_conv_filt31_ch10_coeff']
[9378, 9, 'layer1_conv_filt31_ch11_coeff']
[9387, 9, 'layer1_conv_filt31_ch12_coeff']
[9396, 9, 'layer1_conv_filt31_ch13_coeff']
[9405, 9, 'layer1_conv_filt31_ch14_coeff']
[9414, 9, 'layer1_conv_filt31_ch15_coeff']
[9423, 9, 'layer1_conv_filt31_ch16_coeff']
[9432, 9, 'layer1_conv_filt31_ch17_coeff']
[9441, 9, 'layer1_conv_filt31_ch18_coeff']
[9450, 9, 'layer1_conv_filt31_ch19_coeff']
[9459, 9, 'layer1_conv_filt31_ch20_coeff']
[9468, 9, 'layer1_conv_filt31_ch21_coeff']
[9477, 9, 'layer1_conv_filt31_ch22_coeff']
[9486, 9, 'layer1_conv_filt31_ch23_coeff']
[9495, 9, 'layer1_conv_filt31_ch24_coeff']
[9504, 9, 'layer1_conv_filt31_ch25_coeff']
[9513, 9, 'layer1_conv_filt31_ch26_coeff']
[9522, 9, 'layer1_conv_filt31_ch27_coeff']
[9531, 9, 'layer1_conv_filt31_ch28_coeff']
[9540, 9, 'layer1_conv_filt31_ch29_coeff']
[9549, 9, 'layer1_conv_filt31_ch30_coeff']
[9558, 9, 'layer1_conv_filt31_ch31_coeff']
[9567, 1, 'layer1_conv_filt31_bias']
[9568, 288, 'layer6_dense_outnode0']
[9856, 1, 'layer6_dense_outnode0_bias']
[9857, 288, 'layer6_dense_outnode1']
[10145, 1, 'layer6_dense_outnode1_bias']
[10146, 288, 'layer6_dense_outnode2']
[10434, 1, 'layer6_dense_outnode2_bias']
[10435, 288, 'layer6_dense_outnode3']
[10723, 1, 'layer6_dense_outnode3_bias']
[10724, 288, 'layer6_dense_outnode4']
[11012, 1, 'layer6_dense_outnode4_bias']
[11013, 288, 'layer6_dense_outnode5']
[11301, 1, 'layer6_dense_outnode5_bias']
[11302, 288, 'layer6_dense_outnode6']
[11590, 1, 'layer6_dense_outnode6_bias']
[11591, 288, 'layer6_dense_outnode7']
[11879, 1, 'layer6_dense_outnode7_bias']
[11880, 288, 'layer6_dense_outnode8']
[12168, 1, 'layer6_dense_outnode8_bias']
[12169, 288, 'layer6_dense_outnode9']
[12457, 1, 'layer6_dense_outnode9_bias']
[12458, 288, 'layer6_dense_outnode10']
[12746, 1, 'layer6_dense_outnode10_bias']
[12747, 288, 'layer6_dense_outnode11']
[13035, 1, 'layer6_dense_outnode11_bias']
[13036, 288, 'layer6_dense_outnode12']
[13324, 1, 'layer6_dense_outnode12_bias']
[13325, 288, 'layer6_dense_outnode13']
[13613, 1, 'layer6_dense_outnode13_bias']
[13614, 288, 'layer6_dense_outnode14']
[13902, 1, 'layer6_dense_outnode14_bias']
[13903, 288, 'layer6_dense_outnode15']
[14191, 1, 'layer6_dense_outnode15_bias']
[14192, 16, 'layer7_dense_outnode0']
[14208, 1, 'layer7_dense_outnode0_bias']
[14209, 16, 'layer7_dense_outnode1']
[14225, 1, 'layer7_dense_outnode1_bias']
[14226, 16, 'layer7_dense_outnode2']
[14242, 1, 'layer7_dense_outnode2_bias']
[14243, 16, 'layer7_dense_outnode3']
[14259, 1, 'layer7_dense_outnode3_bias']
[14260, 16, 'layer7_dense_outnode4']
[14276, 1, 'layer7_dense_outnode4_bias']
[14277, 16, 'layer7_dense_outnode5']
[14293, 1, 'layer7_dense_outnode5_bias']
[14294, 16, 'layer7_dense_outnode6']
[14310, 1, 'layer7_dense_outnode6_bias']
[14311, 16, 'layer7_dense_outnode7']
[14327, 1, 'layer7_dense_outnode7_bias']
[14328, 16, 'layer7_dense_outnode8']
[14344, 1, 'layer7_dense_outnode8_bias']
[14345, 16, 'layer7_dense_outnode9']
[14361, 1, 'layer7_dense_outnode9_bias']
